Component: ARM Compiler 5.06 update 4 (build 422) Tool: armlink [4d35d2]

==============================================================================

Section Cross References

    startup_stm32f10x_md.o(STACK) refers (Special) to heapauxi.o(.text) for __use_two_region_memory
    startup_stm32f10x_md.o(HEAP) refers (Special) to heapauxi.o(.text) for __use_two_region_memory
    startup_stm32f10x_md.o(RESET) refers (Special) to heapauxi.o(.text) for __use_two_region_memory
    startup_stm32f10x_md.o(RESET) refers to startup_stm32f10x_md.o(STACK) for __initial_sp
    startup_stm32f10x_md.o(RESET) refers to startup_stm32f10x_md.o(.text) for Reset_Handler
    startup_stm32f10x_md.o(RESET) refers to os_cpu_a.o(.text) for PendSV_Handler
    startup_stm32f10x_md.o(RESET) refers to delay.o(i.SysTick_Handler) for SysTick_Handler
    startup_stm32f10x_md.o(RESET) refers to rtc.o(i.RTC_IRQHandler) for RTC_IRQHandler
    startup_stm32f10x_md.o(RESET) refers to hw_config.o(i.USB_LP_CAN1_RX0_IRQHandler) for USB_LP_CAN1_RX0_IRQHandler
    startup_stm32f10x_md.o(RESET) refers to main.o(i.TIM2_IRQHandler) for TIM2_IRQHandler
    startup_stm32f10x_md.o(RESET) refers to remote.o(i.TIM3_IRQHandler) for TIM3_IRQHandler
    startup_stm32f10x_md.o(RESET) refers to usmart.o(i.TIM4_IRQHandler) for TIM4_IRQHandler
    startup_stm32f10x_md.o(RESET) refers to usart.o(i.USART1_IRQHandler) for USART1_IRQHandler
    startup_stm32f10x_md.o(RESET) refers to hw_config.o(i.USBWakeUp_IRQHandler) for USBWakeUp_IRQHandler
    startup_stm32f10x_md.o(.text) refers (Special) to heapauxi.o(.text) for __use_two_region_memory
    startup_stm32f10x_md.o(.text) refers to __main.o(!!!main) for __main
    startup_stm32f10x_md.o(.text) refers to startup_stm32f10x_md.o(HEAP) for Heap_Mem
    startup_stm32f10x_md.o(.text) refers to startup_stm32f10x_md.o(STACK) for Stack_Mem
    main.o(i.TIM2_IRQHandler) refers to main.o(.data) for led_t
    main.o(i.TIM2_IRQHandler) refers to rtc.o(.bss) for calendar
    main.o(i.TIM2_IRQHandler) refers to ffixu.o(x$fpl$ffixu) for __aeabi_f2uiz
    main.o(i.TIM2_IRQHandler) refers to smg.o(i.LED_Write_Data) for LED_Write_Data
    main.o(i.TIM2_IRQHandler) refers to smg.o(i.LED_Refresh) for LED_Refresh
    main.o(i.adc_task) refers to adc.o(i.Get_Adc_Average) for Get_Adc_Average
    main.o(i.adc_task) refers to fflt_clz.o(x$fpl$ffltu) for __aeabi_ui2f
    main.o(i.adc_task) refers to f2d.o(x$fpl$f2d) for __aeabi_f2d
    main.o(i.adc_task) refers to dmul.o(x$fpl$dmul) for __aeabi_dmul
    main.o(i.adc_task) refers to d2f.o(x$fpl$d2f) for __aeabi_d2f
    main.o(i.adc_task) refers to ffixu.o(x$fpl$ffixu) for __aeabi_f2uiz
    main.o(i.adc_task) refers to faddsub_clz.o(x$fpl$frsb) for __aeabi_frsub
    main.o(i.adc_task) refers to fmul.o(x$fpl$fmul) for __aeabi_fmul
    main.o(i.adc_task) refers to delay.o(i.delay_ms) for delay_ms
    main.o(i.adc_task) refers to main.o(.data) for key_event
    main.o(i.key_task) refers to key.o(i.KEY_Scan) for KEY_Scan
    main.o(i.key_task) refers to os_mbox.o(i.OSMboxPost) for OSMboxPost
    main.o(i.key_task) refers to delay.o(i.delay_ms) for delay_ms
    main.o(i.key_task) refers to main.o(.data) for msg_key
    main.o(i.leds_task) refers to delay.o(i.delay_ms) for delay_ms
    main.o(i.leds_task) refers to main.o(.data) for key_event
    main.o(i.main) refers to main.o(i.system_init) for system_init
    main.o(i.main) refers to os_core.o(i.OSInit) for OSInit
    main.o(i.main) refers to os_task.o(i.OSTaskCreate) for OSTaskCreate
    main.o(i.main) refers to os_core.o(i.OSStart) for OSStart
    main.o(i.main) refers to main.o(.bss) for START_TASK_STK
    main.o(i.main) refers to main.o(i.start_task) for start_task
    main.o(i.main_task) refers to os_mbox.o(i.OSMboxPost) for OSMboxPost
    main.o(i.main_task) refers to os_mbox.o(i.OSMboxPend) for OSMboxPend
    main.o(i.main_task) refers to os_task.o(i.OSTaskSuspend) for OSTaskSuspend
    main.o(i.main_task) refers to smg.o(i.LED_Write_Data) for LED_Write_Data
    main.o(i.main_task) refers to smg.o(i.LED_Refresh) for LED_Refresh
    main.o(i.main_task) refers to os_task.o(i.OSTaskResume) for OSTaskResume
    main.o(i.main_task) refers to delay.o(i.delay_ms) for delay_ms
    main.o(i.main_task) refers to main.o(.data) for msg_key
    main.o(i.remote_task) refers to remote.o(i.Remote_Scan) for Remote_Scan
    main.o(i.remote_task) refers to delay.o(i.delay_ms) for delay_ms
    main.o(i.remote_task) refers to main.o(.data) for key_event
    main.o(i.start_task) refers to os_mbox.o(i.OSMboxCreate) for OSMboxCreate
    main.o(i.start_task) refers to os_core.o(i.OSStatInit) for OSStatInit
    main.o(i.start_task) refers to os_cpu_a.o(.text) for OS_CPU_SR_Save
    main.o(i.start_task) refers to os_task.o(i.OSTaskCreate) for OSTaskCreate
    main.o(i.start_task) refers to os_task.o(i.OSTaskSuspend) for OSTaskSuspend
    main.o(i.start_task) refers to main.o(.data) for msg_key
    main.o(i.start_task) refers to main.o(.bss) for USB_TASK_STK
[...]
    DMA1_Channel3_IRQHandler                 0x080001ff   Thumb Code     0  startup_stm32f10x_md.o(.text)
    DMA1_Channel4_IRQHandler                 0x080001ff   Thumb Code     0  startup_stm32f10x_md.o(.text)
    DMA1_Channel5_IRQHandler                 0x080001ff   Thumb Code     0  startup_stm32f10x_md.o(.text)
    DMA1_Channel6_IRQHandler                 0x080001ff   Thumb Code     0  startup_stm32f10x_md.o(.text)
    DMA1_Channel7_IRQHandler                 0x080001ff   Thumb Code     0  startup_stm32f10x_md.o(.text)
    EXTI0_IRQHandler                         0x080001ff   Thumb Code     0  startup_stm32f10x_md.o(.text)
    EXTI15_10_IRQHandler                     0x080001ff   Thumb Code     0  startup_stm32f10x_md.o(.text)
    EXTI1_IRQHandler                         0x080001ff   Thumb Code     0  startup_stm32f10x_md.o(.text)
    EXTI2_IRQHandler                         0x080001ff   Thumb Code     0  startup_stm32f10x_md.o(.text)
    EXTI3_IRQHandler                         0x080001ff   Thumb Code     0  startup_stm32f10x_md.o(.text)
    EXTI4_IRQHandler                         0x080001ff   Thumb Code     0  startup_stm32f10x_md.o(.text)
    EXTI9_5_IRQHandler                       0x080001ff   Thumb Code     0  startup_stm32f10x_md.o(.text)
    FLASH_IRQHandler                         0x080001ff   Thumb Code     0  startup_stm32f10x_md.o(.text)
    I2C1_ER_IRQHandler                       0x080001ff   Thumb Code     0  startup_stm32f10x_md.o(.text)
    I2C1_EV_IRQHandler                       0x080001ff   Thumb Code     0  startup_stm32f10x_md.o(.text)
    I2C2_ER_IRQHandler                       0x080001ff   Thumb Code     0  startup_stm32f10x_md.o(.text)
    I2C2_EV_IRQHandler                       0x080001ff   Thumb Code     0  startup_stm32f10x_md.o(.text)
    PVD_IRQHandler                           0x080001ff   Thumb Code     0  startup_stm32f10x_md.o(.text)
    RCC_IRQHandler                           0x080001ff   Thumb Code     0  startup_stm32f10x_md.o(.text)
    RTCAlarm_IRQHandler                      0x080001ff   Thumb Code     0  startup_stm32f10x_md.o(.text)
    SPI1_IRQHandler                          0x080001ff   Thumb Code     0  startup_stm32f10x_md.o(.text)
    SPI2_IRQHandler                          0x080001ff   Thumb Code     0  startup_stm32f10x_md.o(.text)
    TAMPER_IRQHandler                        0x080001ff   Thumb Code     0  startup_stm32f10x_md.o(.text)
    TIM1_BRK_IRQHandler                      0x080001ff   Thumb Code     0  startup_stm32f10x_md.o(.text)
    TIM1_CC_IRQHandler                       0x080001ff   Thumb Code     0  startup_stm32f10x_md.o(.text)
    TIM1_TRG_COM_IRQHandler                  0x080001ff   Thumb Code     0  startup_stm32f10x_md.o(.text)
    TIM1_UP_IRQHandler                       0x080001ff   Thumb Code     0  startup_stm32f10x_md.o(.text)
    USART2_IRQHandler                        0x080001ff   Thumb Code     0  startup_stm32f10x_md.o(.text)
    USART3_IRQHandler                        0x080001ff   Thumb Code     0  startup_stm32f10x_md.o(.text)
    USB_HP_CAN1_TX_IRQHandler                0x080001ff   Thumb Code     0  startup_stm32f10x_md.o(.text)
    WWDG_IRQHandler                          0x080001ff   Thumb Code     0  startup_stm32f10x_md.o(.text)
    __user_initial_stackheap                 0x08000201   Thumb Code     0  startup_stm32f10x_md.o(.text)
    OS_CPU_SR_Save                           0x08000221   Thumb Code     0  os_cpu_a.o(.text)
    OS_CPU_SR_Restore                        0x08000229   Thumb Code     0  os_cpu_a.o(.text)
    OSStartHighRdy                           0x0800022f   Thumb Code     0  os_cpu_a.o(.text)
    OSCtxSw                                  0x08000251   Thumb Code     0  os_cpu_a.o(.text)
    OSIntCtxSw                               0x0800025f   Thumb Code     0  os_cpu_a.o(.text)
    PendSV_Handler                           0x0800026f   Thumb Code     0  os_cpu_a.o(.text)
    __use_no_semihosting                     0x080002d5   Thumb Code     2  use_no_semi_2.o(.text)
    __aeabi_uldivmod                         0x080002d7   Thumb Code     0  lludivv7m.o(.text)
    _ll_udiv                                 0x080002d7   Thumb Code   238  lludivv7m.o(.text)
    __aeabi_ldivmod                          0x080003c5   Thumb Code     0  llsdiv.o(.text)
    _ll_sdiv                                 0x080003c5   Thumb Code    72  llsdiv.o(.text)
    __2printf                                0x0800040d   Thumb Code    20  noretval__2printf.o(.text)
    _printf_pre_padding                      0x08000425   Thumb Code    44  _printf_pad.o(.text)
    _printf_post_padding                     0x08000451   Thumb Code    34  _printf_pad.o(.text)
    _printf_str                              0x08000473   Thumb Code    82  _printf_str.o(.text)
    _printf_int_dec                          0x080004c5   Thumb Code   104  _printf_dec.o(.text)
    _printf_int_hex                          0x0800053d   Thumb Code    84  _printf_hex_int.o(.text)
    _printf_longlong_hex                     0x0800053d   Thumb Code     0  _printf_hex_int.o(.text)
    __printf                                 0x08000595   Thumb Code   388  __printf_flags_ss_wp.o(.text)
    __use_two_region_memory                  0x0800071d   Thumb Code     2  heapauxi.o(.text)
    __rt_heap_escrow$2region                 0x0800071f   Thumb Code     2  heapauxi.o(.text)
    __rt_heap_expand$2region                 0x08000721   Thumb Code     2  heapauxi.o(.text)
    __I$use$semihosting                      0x08000723   Thumb Code     0  use_no_semi.o(.text)
    __use_no_semihosting_swi                 0x08000723   Thumb Code     2  use_no_semi.o(.text)
    _printf_int_common                       0x08000725   Thumb Code   178  _printf_intcommon.o(.text)
    _printf_cs_common                        0x080007d7   Thumb Code    20  _printf_char.o(.text)
    _printf_char                             0x080007eb   Thumb Code    16  _printf_char.o(.text)
    _printf_string                           0x080007fb   Thumb Code     8  _printf_char.o(.text)
    _printf_char_file                        0x08000805   Thumb Code    32  _printf_char_file.o(.text)
    _printf_char_common                      0x08000833   Thumb Code    32  _printf_char_common.o(.text)
    ferror                                   0x08000859   Thumb Code     8  ferror.o(.text)
    __user_setup_stackheap                   0x08000861   Thumb Code    74  sys_stackheap_outer.o(.text)
    exit                                     0x080008ab   Thumb Code    18  exit.o(.text)
    __user_libspace                          0x080008bd   Thumb Code     8  libspace.o(.text)
    __user_perproc_libspace                  0x080008bd   Thumb Code     0  libspace.o(.text)
    __user_perthread_libspace                0x080008bd   Thumb Code     0  libspace.o(.text)
    AT24CXX_Check                            0x080008c5   Thumb Code    46  24cxx.o(i.AT24CXX_Check)
    AT24CXX_Init                             0x080008f3   Thumb Code     8  24cxx.o(i.AT24CXX_Init)
    AT24CXX_ReadOneByte                      0x080008fb   Thumb Code    88  24cxx.o(i.AT24CXX_ReadOneByte)
    AT24CXX_WriteOneByte                     0x08000953   Thumb Code    80  24cxx.o(i.AT24CXX_WriteOneByte)
    Adc_Init                                 0x080009a5   Thumb Code   280  adc.o(i.Adc_Init)
    BEEP_Init                                0x08000acd   Thumb Code    52  beep.o(i.BEEP_Init)
    Bot_Abort                                0x08000b09   Thumb Code    64  usb_bot.o(i.Bot_Abort)
    ByteSwap                                 0x08000b49   Thumb Code    12  usb_regs.o(i.ByteSwap)
    CBW_Decode                               0x08000b55   Thumb Code   678  usb_bot.o(i.CBW_Decode)
    CTR_LP                                   0x08000e1d   Thumb Code   616  usb_int.o(i.CTR_LP)
    ClearDTOG_RX                             0x080010a5   Thumb Code    48  usb_regs.o(i.ClearDTOG_RX)
    ClearDTOG_TX                             0x080010d9   Thumb Code    48  usb_regs.o(i.ClearDTOG_TX)
    Clear_Status_Out                         0x0800110d   Thumb Code    34  usb_regs.o(i.Clear_Status_Out)
    EP1_IN_Callback                          0x08001549   Thumb Code     8  usb_endp.o(i.EP1_IN_Callback)
    EP2_OUT_Callback                         0x08001551   Thumb Code     8  usb_endp.o(i.EP2_OUT_Callback)
    Enter_LowPowerMode                       0x08001559   Thumb Code    16  hw_config.o(i.Enter_LowPowerMode)
    GetEPRxAddr                              0x08001589   Thumb Code    24  usb_regs.o(i.GetEPRxAddr)
    GetEPRxCount                             0x080015a9   Thumb Code    26  usb_regs.o(i.GetEPRxCount)
    GetEPRxStatus                            0x080015cd   Thumb Code    18  usb_regs.o(i.GetEPRxStatus)
    GetEPTxAddr                              0x080015e5   Thumb Code    22  usb_regs.o(i.GetEPTxAddr)
    Get_Adc                                  0x08001605   Thumb Code    64  adc.o(i.Get_Adc)
    Get_Adc_Average                          0x08001649   Thumb Code    36  adc.o(i.Get_Adc_Average)
    Get_Max_Lun                              0x0800166d   Thumb Code    20  usb_prop.o(i.Get_Max_Lun)
    Get_SerialNum                            0x08001689   Thumb Code    42  hw_config.o(i.Get_SerialNum)
    IIC_Ack                                  0x080016bd   Thumb Code    66  myiic.o(i.IIC_Ack)
    IIC_Init                                 0x0800170d   Thumb Code    64  myiic.o(i.IIC_Init)
    IIC_NAck                                 0x0800175d   Thumb Code    66  myiic.o(i.IIC_NAck)
    IIC_Read_Byte                            0x080017ad   Thumb Code    98  myiic.o(i.IIC_Read_Byte)
    IIC_Send_Byte                            0x0800181d   Thumb Code    90  myiic.o(i.IIC_Send_Byte)
    IIC_Start                                0x08001885   Thumb Code    64  myiic.o(i.IIC_Start)
    IIC_Stop                                 0x080018d1   Thumb Code    62  myiic.o(i.IIC_Stop)
    IIC_Wait_Ack                             0x0800191d   Thumb Code    86  myiic.o(i.IIC_Wait_Ack)
    In0_Process                              0x08001981   Thumb Code    98  usb_core.o(i.In0_Process)
    IntToUnicode                             0x080019f1   Thumb Code    62  hw_config.o(i.IntToUnicode)
    Is_Leap_Year                             0x08001a2f   Thumb Code    58  rtc.o(i.Is_Leap_Year)
    JTAG_Set                                 0x08001a69   Thumb Code    38  sys.o(i.JTAG_Set)
    KEY_Init                                 0x08001a99   Thumb Code   136  key.o(i.KEY_Init)
    KEY_Scan                                 0x08001b31   Thumb Code   144  key.o(i.KEY_Scan)
    LED_Init                                 0x08001bd1   Thumb Code    44  led.o(i.LED_Init)
    LED_Refresh                              0x08001c05   Thumb Code    24  smg.o(i.LED_Refresh)
    LED_SMG_Init                             0x08001c25   Thumb Code   112  smg.o(i.LED_SMG_Init)
    LED_Wei                                  0x08001cb1   Thumb Code    30  smg.o(i.LED_Wei)
    LED_Write_Data                           0x08001cd9   Thumb Code    60  smg.o(i.LED_Write_Data)
    Leave_LowPowerMode                       0x08001d1d   Thumb Code    30  hw_config.o(i.Leave_LowPowerMode)
    Led_RW_OFF                               0x08001d5d   Thumb Code     8  hw_config.o(i.Led_RW_OFF)
    Led_RW_ON                                0x08001d69   Thumb Code     8  hw_config.o(i.Led_RW_ON)
    MAL_GetStatus                            0x08001d75   Thumb Code    30  mass_mal.o(i.MAL_GetStatus)
    MAL_Read                                 0x08001d93   Thumb Code    48  mass_mal.o(i.MAL_Read)
    MAL_Write                                0x08001dc3   Thumb Code    48  mass_mal.o(i.MAL_Write)
    MASS_Data_Setup                          0x08001df5   Thumb Code    86  usb_prop.o(i.MASS_Data_Setup)
    MASS_GetConfigDescriptor                 0x08001e55   Thumb Code    14  usb_prop.o(i.MASS_GetConfigDescriptor)
    MASS_GetDeviceDescriptor                 0x08001e69   Thumb Code    14  usb_prop.o(i.MASS_GetDeviceDescriptor)
    MASS_GetStringDescriptor                 0x08001e7d   Thumb Code    32  usb_prop.o(i.MASS_GetStringDescriptor)
    MASS_Get_Interface_Setting               0x08001ea5   Thumb Code    22  usb_prop.o(i.MASS_Get_Interface_Setting)
    MASS_NoData_Setup                        0x08001ebd   Thumb Code    76  usb_prop.o(i.MASS_NoData_Setup)
    MASS_Reset                               0x08001f19   Thumb Code   208  usb_prop.o(i.MASS_Reset)
    MASS_Status_In                           0x08002009   Thumb Code     2  usb_prop.o(i.MASS_Status_In)
    MASS_Status_Out                          0x0800200b   Thumb Code     2  usb_prop.o(i.MASS_Status_Out)
    MASS_init                                0x0800200d   Thumb Code    30  usb_prop.o(i.MASS_init)
    MYRCC_DeInit                             0x08002035   Thumb Code    90  sys.o(i.MYRCC_DeInit)
    MY_NVIC_Init                             0x0800209d   Thumb Code   116  sys.o(i.MY_NVIC_Init)
    MY_NVIC_PriorityGroupConfig              0x08002115   Thumb Code    32  sys.o(i.MY_NVIC_PriorityGroupConfig)
    MY_NVIC_SetVectorTable                   0x0800213d   Thumb Code    12  sys.o(i.MY_NVIC_SetVectorTable)
    Mass_Storage_ClearFeature                0x08002151   Thumb Code    20  usb_prop.o(i.Mass_Storage_ClearFeature)
    Mass_Storage_In                          0x0800216d   Thumb Code   146  usb_bot.o(i.Mass_Storage_In)
    Mass_Storage_Out                         0x08002215   Thumb Code   144  usb_bot.o(i.Mass_Storage_Out)
    Mass_Storage_SetConfiguration            0x080022c1   Thumb Code    36  usb_prop.o(i.Mass_Storage_SetConfiguration)
    Mass_Storage_SetDeviceAddress            0x080022f1   Thumb Code     8  usb_prop.o(i.Mass_Storage_SetDeviceAddress)
    NOP_Process                              0x080022fd   Thumb Code     2  usb_core.o(i.NOP_Process)
    OSInit                                   0x08002439   Thumb Code    48  os_core.o(i.OSInit)
    OSInitHookBegin                          0x08002469   Thumb Code     8  os_cpu_c.o(i.OSInitHookBegin)
    OSInitHookEnd                            0x08002475   Thumb Code     2  os_cpu_c.o(i.OSInitHookEnd)
    OSIntEnter                               0x08002479   Thumb Code    28  os_core.o(i.OSIntEnter)
    OSIntExit                                0x0800249d   Thumb Code   112  os_core.o(i.OSIntExit)
    OSMboxCreate                             0x0800252d   Thumb Code    68  os_mbox.o(i.OSMboxCreate)
    OSMboxPend                               0x08002579   Thumb Code   246  os_mbox.o(i.OSMboxPend)
    OSMboxPost                               0x0800267d   Thumb Code    80  os_mbox.o(i.OSMboxPost)
    OSSchedLock                              0x080026cd   Thumb Code    50  os_core.o(i.OSSchedLock)
    OSSchedUnlock                            0x0800270d   Thumb Code    82  os_core.o(i.OSSchedUnlock)
    OSSemCreate                              0x0800276d   Thumb Code    68  os_sem.o(i.OSSemCreate)
    OSSemPend                                0x080027b9   Thumb Code   222  os_sem.o(i.OSSemPend)
    OSSemPost                                0x080028a5   Thumb Code    88  os_sem.o(i.OSSemPost)
    OSStart                                  0x080028fd   Thumb Code    48  os_core.o(i.OSStart)
    OSStatInit                               0x08002945   Thumb Code    62  os_core.o(i.OSStatInit)
    OSTCBInitHook                            0x08002991   Thumb Code     2  os_cpu_c.o(i.OSTCBInitHook)
    OSTaskCreate                             0x08002995   Thumb Code   148  os_task.o(i.OSTaskCreate)
    OSTaskCreateExt                          0x08002a35   Thumb Code   170  os_task.o(i.OSTaskCreateExt)
    OSTaskCreateHook                         0x08002aed   Thumb Code     2  os_cpu_c.o(i.OSTaskCreateHook)
    OSTaskIdleHook                           0x08002aef   Thumb Code     2  os_cpu_c.o(i.OSTaskIdleHook)
    OSTaskNameSet                            0x08002af1   Thumb Code    98  os_task.o(i.OSTaskNameSet)
    OSTaskResume                             0x08002b61   Thumb Code   154  os_task.o(i.OSTaskResume)
    OSTaskStatHook                           0x08002c0d   Thumb Code     2  os_cpu_c.o(i.OSTaskStatHook)
    OSTaskStkChk                             0x08002c11   Thumb Code   132  os_task.o(i.OSTaskStkChk)
    OSTaskStkInit                            0x08002c9d   Thumb Code   154  os_cpu_c.o(i.OSTaskStkInit)
    OSTaskSuspend                            0x08002d39   Thumb Code   152  os_task.o(i.OSTaskSuspend)
    OSTaskSwHook                             0x08002de1   Thumb Code     2  os_cpu_c.o(i.OSTaskSwHook)
    OSTimeDly                                0x08002de5   Thumb Code   100  os_time.o(i.OSTimeDly)
    OSTimeTick                               0x08002e5d   Thumb Code   210  os_core.o(i.OSTimeTick)
    OSTimeTickHook                           0x08002f49   Thumb Code    28  os_cpu_c.o(i.OSTimeTickHook)
    OSTmrSignal                              0x08002f69   Thumb Code    16  os_tmr.o(i.OSTmrSignal)
    OSTmr_Init                               0x08002f7d   Thumb Code   148  os_tmr.o(i.OSTmr_Init)
    OS_EventTaskRdy                          0x080031b5   Thumb Code   114  os_core.o(i.OS_EventTaskRdy)
    OS_EventTaskRemove                       0x08003239   Thumb Code    42  os_core.o(i.OS_EventTaskRemove)
    OS_EventTaskWait                         0x08003265   Thumb Code   112  os_core.o(i.OS_EventTaskWait)
    OS_EventWaitListInit                     0x080032e1   Thumb Code    28  os_core.o(i.OS_EventWaitListInit)
    OS_FlagInit                              0x080032fd   Thumb Code    74  os_flag.o(i.OS_FlagInit)
    OS_MemClr                                0x08003561   Thumb Code    18  os_core.o(i.OS_MemClr)
    OS_QInit                                 0x08003575   Thumb Code    72  os_q.o(i.OS_QInit)
    OS_Sched                                 0x080035c5   Thumb Code    88  os_core.o(i.OS_Sched)
    OS_TCBInit                               0x08003665   Thumb Code   278  os_core.o(i.OS_TCBInit)
    OS_TaskIdle                              0x08003799   Thumb Code    34  os_core.o(i.OS_TaskIdle)
    OS_TaskStat                              0x080037c1   Thumb Code   116  os_core.o(i.OS_TaskStat)
    OS_TaskStatStkChk                        0x08003849   Thumb Code    54  os_core.o(i.OS_TaskStatStkChk)
    OS_TaskStkClr                            0x08003885   Thumb Code    26  os_task.o(i.OS_TaskStkClr)
    Out0_Process                             0x080038a1   Thumb Code    70  usb_core.o(i.Out0_Process)
    PMAToUserBufferCopy                      0x080038f1   Thumb Code    34  usb_mem.o(i.PMAToUserBufferCopy)
    Post0_Process                            0x08003919   Thumb Code    54  usb_core.o(i.Post0_Process)
    PowerOn                                  0x08003961   Thumb Code    46  usb_pwr.o(i.PowerOn)
    RTC_Get                                  0x08003999   Thumb Code   242  rtc.o(i.RTC_Get)
    RTC_Get_Week                             0x08003aa1   Thumb Code   116  rtc.o(i.RTC_Get_Week)
    RTC_IRQHandler                           0x08003b19   Thumb Code   104  rtc.o(i.RTC_IRQHandler)
    RTC_Init                                 0x08003ba9   Thumb Code   360  rtc.o(i.RTC_Init)
    RTC_Set                                  0x08003d31   Thumb Code   246  rtc.o(i.RTC_Set)
    Read_Memory                              0x08003e45   Thumb Code   302  memory.o(i.Read_Memory)
    Remote_Init                              0x08003f9d   Thumb Code   182  remote.o(i.Remote_Init)
    Remote_Scan                              0x08004061   Thumb Code    92  remote.o(i.Remote_Scan)
    Resume                                   0x080040c9   Thumb Code   194  usb_pwr.o(i.Resume)
    Resume_Init                              0x08004199   Thumb Code    30  usb_pwr.o(i.Resume_Init)
    SCSI_Address_Management                  0x080041bd   Thumb Code   126  usb_scsi.o(i.SCSI_Address_Management)
    SCSI_Format_Cmd                          0x08004249   Thumb Code    44  usb_scsi.o(i.SCSI_Format_Cmd)
    SCSI_Inquiry_Cmd                         0x08004279   Thumb Code    54  usb_scsi.o(i.SCSI_Inquiry_Cmd)
    SCSI_Invalid_Cmd                         0x080042c1   Thumb Code    64  usb_scsi.o(i.SCSI_Invalid_Cmd)
    SCSI_ModeSense10_Cmd                     0x08004305   Thumb Code    14  usb_scsi.o(i.SCSI_ModeSense10_Cmd)
    SCSI_ModeSense6_Cmd                      0x08004319   Thumb Code    14  usb_scsi.o(i.SCSI_ModeSense6_Cmd)
    SCSI_Read10_Cmd                          0x0800432d   Thumb Code   110  usb_scsi.o(i.SCSI_Read10_Cmd)
    SCSI_ReadCapacity10_Cmd                  0x080043a5   Thumb Code   138  usb_scsi.o(i.SCSI_ReadCapacity10_Cmd)
    SCSI_ReadFormatCapacity_Cmd              0x08004441   Thumb Code   120  usb_scsi.o(i.SCSI_ReadFormatCapacity_Cmd)
    SCSI_RequestSense_Cmd                    0x080044c9   Thumb Code    30  usb_scsi.o(i.SCSI_RequestSense_Cmd)
    SCSI_Start_Stop_Unit_Cmd                 0x080044f1   Thumb Code    14  usb_scsi.o(i.SCSI_Start_Stop_Unit_Cmd)
    SCSI_TestUnitReady_Cmd                   0x08004501   Thumb Code    52  usb_scsi.o(i.SCSI_TestUnitReady_Cmd)
    SCSI_Verify10_Cmd                        0x08004539   Thumb Code    58  usb_scsi.o(i.SCSI_Verify10_Cmd)
    SCSI_Write10_Cmd                         0x08004579   Thumb Code   110  usb_scsi.o(i.SCSI_Write10_Cmd)
    SPI2_Init                                0x080045f1   Thumb Code   162  spi.o(i.SPI2_Init)
    SPI2_ReadWriteByte                       0x080046a5   Thumb Code    82  spi.o(i.SPI2_ReadWriteByte)
    SPI2_SetSpeed                            0x080046fd   Thumb Code    40  spi.o(i.SPI2_SetSpeed)
    SetBTABLE                                0x08004729   Thumb Code    12  usb_regs.o(i.SetBTABLE)
    SetDeviceAddress                         0x08004739   Thumb Code    68  usb_core.o(i.SetDeviceAddress)
    SetEPRxAddr                              0x08004789   Thumb Code    26  usb_regs.o(i.SetEPRxAddr)
    SetEPRxCount                             0x080047ad   Thumb Code    68  usb_regs.o(i.SetEPRxCount)
    SetEPRxStatus                            0x080047f9   Thumb Code    60  usb_regs.o(i.SetEPRxStatus)
    SetEPRxValid                             0x08004839   Thumb Code    48  usb_regs.o(i.SetEPRxValid)
    SetEPTxAddr                              0x0800486d   Thumb Code    24  usb_regs.o(i.SetEPTxAddr)
    SetEPTxCount                             0x0800488d   Thumb Code    20  usb_regs.o(i.SetEPTxCount)
    SetEPTxStatus                            0x080048a9   Thumb Code    60  usb_regs.o(i.SetEPTxStatus)
    SetEPType                                0x080048e9   Thumb Code    32  usb_regs.o(i.SetEPType)
    Set_CSW                                  0x0800490d   Thumb Code    46  usb_bot.o(i.Set_CSW)
    Set_Scsi_Sense_Data                      0x08004949   Thumb Code     8  usb_scsi.o(i.Set_Scsi_Sense_Data)
    Set_USBClock                             0x08004955   Thumb Code    24  hw_config.o(i.Set_USBClock)
    Setup0_Process                           0x08004971   Thumb Code   170  usb_core.o(i.Setup0_Process)
    Standard_ClearFeature                    0x08004a29   Thumb Code   342  usb_core.o(i.Standard_ClearFeature)
    Standard_GetConfiguration                0x08004b95   Thumb Code    34  usb_core.o(i.Standard_GetConfiguration)
    Standard_GetDescriptorData               0x08004bc1   Thumb Code    32  usb_core.o(i.Standard_GetDescriptorData)
    Standard_GetInterface                    0x08004be5   Thumb Code    34  usb_core.o(i.Standard_GetInterface)
    Standard_GetStatus                       0x08004c11   Thumb Code   238  usb_core.o(i.Standard_GetStatus)
    Standard_SetConfiguration                0x08004d11   Thumb Code    60  usb_core.o(i.Standard_SetConfiguration)
    Standard_SetDeviceFeature                0x08004d59   Thumb Code    30  usb_core.o(i.Standard_SetDeviceFeature)
    Standard_SetEndPointFeature              0x08004d81   Thumb Code   192  usb_core.o(i.Standard_SetEndPointFeature)
    Standard_SetInterface                    0x08004e51   Thumb Code    96  usb_core.o(i.Standard_SetInterface)
    Stm32_Clock_Init                         0x08004ebd   Thumb Code   134  sys.o(i.Stm32_Clock_Init)
    Suspend                                  0x08004f4d   Thumb Code    34  usb_pwr.o(i.Suspend)
    SysTick_Handler                          0x08004f75   Thumb Code    24  delay.o(i.SysTick_Handler)
    TIM2_IRQHandler                          0x08004f91   Thumb Code  1320  main.o(i.TIM2_IRQHandler)
    TIM2_Init                                0x080054d5   Thumb Code    58  timer.o(i.TIM2_Init)
    TIM3_IRQHandler                          0x08005515   Thumb Code   390  remote.o(i.TIM3_IRQHandler)
    TIM4_IRQHandler                          0x080056b5   Thumb Code    50  usmart.o(i.TIM4_IRQHandler)
    Timer4_Init                              0x080056f1   Thumb Code    72  usmart.o(i.Timer4_Init)
    Transfer_Data_Request                    0x08005741   Thumb Code    46  usb_bot.o(i.Transfer_Data_Request)
    USART1_IRQHandler                        0x08005779   Thumb Code   128  usart.o(i.USART1_IRQHandler)
    USBWakeUp_IRQHandler                     0x08005805   Thumb Code    14  hw_config.o(i.USBWakeUp_IRQHandler)
    USB_Init                                 0x08005819   Thumb Code    36  usb_init.o(i.USB_Init)
    USB_Interrupts_Config                    0x08005855   Thumb Code    56  hw_config.o(i.USB_Interrupts_Config)
    USB_Istr                                 0x08005891   Thumb Code   222  usb_istr.o(i.USB_Istr)
    USB_LP_CAN1_RX0_IRQHandler               0x08005989   Thumb Code     8  hw_config.o(i.USB_LP_CAN1_RX0_IRQHandler)
    USB_NotConfigured_LED                    0x08005991   Thumb Code    10  hw_config.o(i.USB_NotConfigured_LED)
    USB_Port_Set                             0x080059b1   Thumb Code    74  hw_config.o(i.USB_Port_Set)
    USB_SIL_Init                             0x08005a0d   Thumb Code    28  usb_sil.o(i.USB_SIL_Init)
    USB_SIL_Read                             0x08005a31   Thumb Code    46  usb_sil.o(i.USB_SIL_Read)
    USB_SIL_Write                            0x08005a5f   Thumb Code    46  usb_sil.o(i.USB_SIL_Write)
    UserToPMABufferCopy                      0x08005a8d   Thumb Code    52  usb_mem.o(i.UserToPMABufferCopy)
    W25QXX_Erase_Sector                      0x08005ac5   Thumb Code    62  w25qxx.o(i.W25QXX_Erase_Sector)
    W25QXX_Init                              0x08005b0d   Thumb Code    72  w25qxx.o(i.W25QXX_Init)
    W25QXX_Read                              0x08005b61   Thumb Code    74  w25qxx.o(i.W25QXX_Read)
    W25QXX_ReadID                            0x08005bb1   Thumb Code    64  w25qxx.o(i.W25QXX_ReadID)
    W25QXX_ReadSR                            0x08005bf9   Thumb Code    36  w25qxx.o(i.W25QXX_ReadSR)
    W25QXX_Wait_Busy                         0x08005c25   Thumb Code    18  w25qxx.o(i.W25QXX_Wait_Busy)
    W25QXX_Write                             0x08005c39   Thumb Code   176  w25qxx.o(i.W25QXX_Write)
    W25QXX_Write_Enable                      0x08005ced   Thumb Code    24  w25qxx.o(i.W25QXX_Write_Enable)
    W25QXX_Write_NoCheck                     0x08005d0d   Thumb Code    70  w25qxx.o(i.W25QXX_Write_NoCheck)
    W25QXX_Write_Page                        0x08005d55   Thumb Code    80  w25qxx.o(i.W25QXX_Write_Page)
    Write_Memory                             0x08005da9   Thumb Code   344  memory.o(i.Write_Memory)
    _is_digit                                0x08005f31   Thumb Code    14  __printf_wp.o(i._is_digit)
    _sys_exit                                0x08005f3f   Thumb Code     6  usart.o(i._sys_exit)
    adc_task                                 0x08005f45   Thumb Code   116  main.o(i.adc_task)
    delay_init                               0x08005fd1   Thumb Code    82  delay.o(i.delay_init)
    delay_ms                                 0x0800602d   Thumb Code    66  delay.o(i.delay_ms)
    delay_osschedlock                        0x0800607d   Thumb Code     8  delay.o(i.delay_osschedlock)
    delay_osschedunlock                      0x08006085   Thumb Code     8  delay.o(i.delay_osschedunlock)
    delay_ostimedly                          0x0800608d   Thumb Code    12  delay.o(i.delay_ostimedly)
    delay_us                                 0x08006099   Thumb Code    84  delay.o(i.delay_us)
    fputc                                    0x080060f1   Thumb Code    24  usart.o(i.fputc)
    key_task                                 0x0800610d   Thumb Code    30  main.o(i.key_task)
    leds_task                                0x08006131   Thumb Code   100  main.o(i.leds_task)
    main                                     0x0800619d   Thumb Code    30  main.o(i.main)
    main_task                                0x080061c5   Thumb Code   384  main.o(i.main_task)
    mem_init                                 0x08006369   Thumb Code    38  malloc.o(i.mem_init)
    mem_malloc                               0x08006395   Thumb Code   114  malloc.o(i.mem_malloc)
    mem_perused                              0x0800640d   Thumb Code    38  malloc.o(i.mem_perused)
    mymalloc                                 0x08006439   Thumb Code    28  malloc.o(i.mymalloc)
    mymemset                                 0x08006459   Thumb Code    20  malloc.o(i.mymemset)
    read_addr                                0x0800646d   Thumb Code     6  usmart.o(i.read_addr)
    remote_task                              0x08006475   Thumb Code    26  main.o(i.remote_task)
    start_task                               0x08006499   Thumb Code   114  main.o(i.start_task)
    system_init                              0x08006541   Thumb Code   382  main.o(i.system_init)
    uart_init                                0x08006801   Thumb Code   212  usart.o(i.uart_init)
    usb_task                                 0x080068e5   Thumb Code   176  main.o(i.usb_task)
    usmart_cmd_rec                           0x08006a09   Thumb Code   170  usmart.o(i.usmart_cmd_rec)
    usmart_exe                               0x08006ab9   Thumb Code   634  usmart.o(i.usmart_exe)
    usmart_get_aparm                         0x08006d91   Thumb Code   200  usmart_str.o(i.usmart_get_aparm)
    usmart_get_cmdname                       0x08006e59   Thumb Code    54  usmart_str.o(i.usmart_get_cmdname)
    usmart_get_fname                         0x08006e91   Thumb Code   440  usmart_str.o(i.usmart_get_fname)
    usmart_get_fparam                        0x08007051   Thumb Code   262  usmart_str.o(i.usmart_get_fparam)
    usmart_get_parmpos                       0x0800715d   Thumb Code    26  usmart_str.o(i.usmart_get_parmpos)
    usmart_get_runtime                       0x0800717d   Thumb Code    56  usmart.o(i.usmart_get_runtime)
    usmart_init                              0x080071bd   Thumb Code    36  usmart.o(i.usmart_init)
    usmart_pow                               0x080071e5   Thumb Code    22  usmart_str.o(i.usmart_pow)
    usmart_reset_runtime                     0x080071fd   Thumb Code    38  usmart.o(i.usmart_reset_runtime)
    usmart_scan                              0x0800722d   Thumb Code   120  usmart.o(i.usmart_scan)
    usmart_search_nextc                      0x080072e9   Thumb Code    22  usmart_str.o(i.usmart_search_nextc)
    usmart_str2num                           0x080072ff   Thumb Code   202  usmart_str.o(i.usmart_str2num)
    usmart_strcmp                            0x080073c9   Thumb Code    34  usmart_str.o(i.usmart_strcmp)
    usmart_strcopy                           0x080073eb   Thumb Code    22  usmart_str.o(i.usmart_strcopy)
    usmart_strlen                            0x08007401   Thumb Code    24  usmart_str.o(i.usmart_strlen)
    usmart_sys_cmd_exe                       0x08007419   Thumb Code  1554  usmart.o(i.usmart_sys_cmd_exe)
    write_addr                               0x08007afd   Thumb Code     4  usmart.o(i.write_addr)
    __aeabi_d2f                              0x08007b01   Thumb Code     0  d2f.o(x$fpl$d2f)
    _d2f                                     0x08007b01   Thumb Code    98  d2f.o(x$fpl$d2f)
    __aeabi_dmul                             0x08007b65   Thumb Code     0  dmul.o(x$fpl$dmul)
    _dmul                                    0x08007b65   Thumb Code   332  dmul.o(x$fpl$dmul)
    __fpl_dnaninf                            0x08007cb9   Thumb Code   156  dnaninf.o(x$fpl$dnaninf)
    __fpl_dretinf                            0x08007d55   Thumb Code    12  dretinf.o(x$fpl$dretinf)
    __aeabi_f2d                              0x08007d61   Thumb Code     0  f2d.o(x$fpl$f2d)
    _f2d                                     0x08007d61   Thumb Code    86  f2d.o(x$fpl$f2d)
    __aeabi_fadd                             0x08007db9   Thumb Code     0  faddsub_clz.o(x$fpl$fadd)
    _fadd                                    0x08007db9   Thumb Code   196  faddsub_clz.o(x$fpl$fadd)
    __aeabi_fdiv                             0x08007e7d   Thumb Code     0  fdiv.o(x$fpl$fdiv)
    _fdiv                                    0x08007e7d   Thumb Code   384  fdiv.o(x$fpl$fdiv)
    __aeabi_f2uiz                            0x08008001   Thumb Code     0  ffixu.o(x$fpl$ffixu)
    _ffixu                                   0x08008001   Thumb Code    62  ffixu.o(x$fpl$ffixu)
    __aeabi_ui2f                             0x08008041   Thumb Code     0  fflt_clz.o(x$fpl$ffltu)
    _ffltu                                   0x08008041   Thumb Code    38  fflt_clz.o(x$fpl$ffltu)
    __aeabi_fmul                             0x08008069   Thumb Code     0  fmul.o(x$fpl$fmul)
    _fmul                                    0x08008069   Thumb Code   258  fmul.o(x$fpl$fmul)
    __fpl_fnaninf                            0x0800816b   Thumb Code   140  fnaninf.o(x$fpl$fnaninf)
    __fpl_fretinf                            0x080081f7   Thumb Code    10  fretinf.o(x$fpl$fretinf)
    __aeabi_frsub                            0x08008201   Thumb Code     0  faddsub_clz.o(x$fpl$frsb)
    _frsb                                    0x08008201   Thumb Code    20  faddsub_clz.o(x$fpl$frsb)
    __aeabi_fsub                             0x08008215   Thumb Code     0  faddsub_clz.o(x$fpl$fsub)
    _fsub                                    0x08008215   Thumb Code   234  faddsub_clz.o(x$fpl$fsub)
    __I$use$fp                               0x080082fe   Number         0  usenofp.o(x$fpl$usenofp)
    table_week                               0x080082fe   Data          12  rtc.o(.constdata)
    mon_table                                0x0800830a   Data          12  rtc.o(.constdata)
    OSUnMapTbl                               0x08008316   Data         256  os_core.o(.constdata)
    MASS_DeviceDescriptor                    0x08008416   Data          18  usb_desc.o(.constdata)
    MASS_ConfigDescriptor                    0x08008428   Data          32  usb_desc.o(.constdata)
    MASS_StringLangID                        0x08008448   Data           4  usb_desc.o(.constdata)
    MASS_StringVendor                        0x0800844c   Data          26  usb_desc.o(.constdata)
    MASS_StringProduct                       0x08008466   Data          32  usb_desc.o(.constdata)
    MASS_StringInterface                     0x08008486   Data          16  usb_desc.o(.constdata)
    Region$$Table$$Base                      0x080085a4   Number         0  anon$$obj.o(Region$$Table)
    Region$$Table$$Limit                     0x080085c4   Number         0  anon$$obj.o(Region$$Table)
    msg_key                                  0x20000000   Data           4  main.o(.data)
    key_event                                0x20000004   Data           1  main.o(.data)
    smg_num                                  0x20000005   Data          18  main.o(.data)
    smg_duan                                 0x20000017   Data           1  main.o(.data)
    smg_wei                                  0x20000018   Data           1  main.o(.data)
    remote_key                               0x20000019   Data           1  main.o(.data)
    num1                                     0x2000001a   Data           1  main.o(.data)
    num                                      0x2000001b   Data           1  main.o(.data)
    adcx                                     0x2000001c   Data           2  main.o(.data)
    adcx1                                    0x2000001e   Data           2  main.o(.data)
    temp                                     0x20000020   Data           4  main.o(.data)
    RmtSta                                   0x20000028   Data           1  remote.o(.data)
    Dval                                     0x2000002a   Data           2  remote.o(.data)
    RmtRec                                   0x2000002c   Data           4  remote.o(.data)
    RmtCnt                                   0x20000030   Data           1  remote.o(.data)
    W25QXX_TYPE                              0x20000034   Data           2  w25qxx.o(.data)
    __stdout                                 0x2000003c   Data           4  usart.o(.data)
    USART_RX_STA                             0x20000040   Data           2  usart.o(.data)
    sys_cmd_tab                              0x20000044   Data          28  usmart.o(.data)
    usmart_nametab                           0x20000060   Data          40  usmart_config.o(.data)
    usmart_dev                               0x20000088   Data         244  usmart_config.o(.data)
    OSCtxSwCtr                               0x2000017c   Data           4  os_core.o(.data)
    OSEventFreeList                          0x20000180   Data           4  os_core.o(.data)
    OSFlagFreeList                           0x20000184   Data           4  os_core.o(.data)
    OSCPUUsage                               0x20000188   Data           1  os_core.o(.data)
    OSIdleCtrMax                             0x2000018c   Data           4  os_core.o(.data)
    OSIdleCtrRun                             0x20000190   Data           4  os_core.o(.data)
    OSStatRdy                                0x20000194   Data           1  os_core.o(.data)
    OSIntNesting                             0x20000195   Data           1  os_core.o(.data)
    OSLockNesting                            0x20000196   Data           1  os_core.o(.data)
    OSPrioCur                                0x20000197   Data           1  os_core.o(.data)
    OSPrioHighRdy                            0x20000198   Data           1  os_core.o(.data)
    OSRdyGrp                                 0x20000199   Data           1  os_core.o(.data)
    OSRdyTbl                                 0x2000019a   Data           8  os_core.o(.data)
    OSRunning                                0x200001a2   Data           1  os_core.o(.data)
    OSTaskCtr                                0x200001a3   Data           1  os_core.o(.data)
    OSIdleCtr                                0x200001a4   Data           4  os_core.o(.data)
    OSTCBCur                                 0x200001a8   Data           4  os_core.o(.data)
    OSTCBFreeList                            0x200001ac   Data           4  os_core.o(.data)
    OSTCBHighRdy                             0x200001b0   Data           4  os_core.o(.data)
    OSTCBList                                0x200001b4   Data           4  os_core.o(.data)
    OSTickStepState                          0x200001b8   Data           1  os_core.o(.data)
    OSQFreeList                              0x200001bc   Data           4  os_core.o(.data)
    OSTime                                   0x200001c0   Data           4  os_core.o(.data)
    OSTmrFree                                0x200001c4   Data           2  os_core.o(.data)
    OSTmrUsed                                0x200001c6   Data           2  os_core.o(.data)
    OSTmrTime                                0x200001c8   Data           4  os_core.o(.data)
    OSTmrSem                                 0x200001cc   Data           4  os_core.o(.data)
    OSTmrSemSignal                           0x200001d0   Data           4  os_core.o(.data)
    OSTmrFreeList                            0x200001d4   Data           4  os_core.o(.data)
    OSInterrputSum                           0x200001d8   Data           4  os_cpu_c.o(.data)
    mallco_dev                               0x200001e0   Data          20  malloc.o(.data)
    StatusInfo                               0x200001f4   Data           2  usb_core.o(.data)
    Data_Mul_MaxPacketSize                   0x200001f6   Data           1  usb_core.o(.data)
    EPindex                                  0x200001f8   Data           1  usb_init.o(.data)
    pInformation                             0x200001fc   Data           4  usb_init.o(.data)
    pProperty                                0x20000200   Data           4  usb_init.o(.data)
    SaveState                                0x20000204   Data           2  usb_init.o(.data)
    wInterrupt_Mask                          0x20000206   Data           2  usb_init.o(.data)
    pUser_Standard_Requests                  0x20000208   Data           4  usb_init.o(.data)
    SaveRState                               0x2000020c   Data           2  usb_int.o(.data)
    SaveTState                               0x2000020e   Data           2  usb_int.o(.data)
    Mass_Memory_Size                         0x20000210   Data           8  mass_mal.o(.data)
    Mass_Block_Size                          0x20000218   Data           4  mass_mal.o(.data)
    Mass_Block_Count                         0x2000021c   Data           4  mass_mal.o(.data)
    Block_Read_count                         0x20000220   Data           4  memory.o(.data)
    Block_offset                             0x20000224   Data           4  memory.o(.data)
    Counter                                  0x20000228   Data           4  memory.o(.data)
    Idx                                      0x2000022c   Data           4  memory.o(.data)
    Data_Buffer                              0x20000230   Data           4  memory.o(.data)
    TransferState                            0x20000234   Data           1  memory.o(.data)
    USB_STATUS_REG                           0x20000235   Data           1  memory.o(.data)
    Page00_Inquiry_Data                      0x20000258   Data           5  scsi_data.o(.data)
    Standard_Inquiry_Data                    0x2000025d   Data          37  scsi_data.o(.data)
    Standard_Inquiry_Data2                   0x20000282   Data          36  scsi_data.o(.data)
    Mode_Sense6_data                         0x200002a6   Data           4  scsi_data.o(.data)
    Mode_Sense10_data                        0x200002aa   Data           8  scsi_data.o(.data)
    Scsi_Sense_Data                          0x200002b2   Data          18  scsi_data.o(.data)
    ReadCapacity10_Data                      0x200002c4   Data           8  scsi_data.o(.data)
    ReadFormatCapacity_Data                  0x200002cc   Data          12  scsi_data.o(.data)
    Bot_State                                0x200002d8   Data           1  usb_bot.o(.data)
    Bulk_Data_Buff                           0x200002dc   Data           4  usb_bot.o(.data)
    Data_Len                                 0x200002e0   Data           2  usb_bot.o(.data)
    SCSI_LBA                                 0x200002e4   Data           4  usb_bot.o(.data)
    SCSI_BlkLen                              0x200002e8   Data           4  usb_bot.o(.data)
    MASS_StringSerial                        0x200002ec   Data          26  usb_desc.o(.data)
    wIstr                                    0x20000308   Data           2  usb_istr.o(.data)
    bIntPackSOF                              0x2000030a   Data           1  usb_istr.o(.data)
    pEpInt_IN                                0x2000030c   Data          28  usb_istr.o(.data)
    pEpInt_OUT                               0x20000328   Data          28  usb_istr.o(.data)
    Max_Lun                                  0x20000344   Data           4  usb_prop.o(.data)
    Device_Table                             0x20000348   Data           2  usb_prop.o(.data)
    Device_Property                          0x2000034c   Data          48  usb_prop.o(.data)
    User_Standard_Requests                   0x2000037c   Data          36  usb_prop.o(.data)
    Device_Descriptor                        0x200003a0   Data           8  usb_prop.o(.data)
    Config_Descriptor                        0x200003a8   Data           8  usb_prop.o(.data)
    String_Descriptor                        0x200003b0   Data          40  usb_prop.o(.data)
    bDeviceState                             0x200003d8   Data           4  usb_pwr.o(.data)
    fSuspendEnabled                          0x200003dc   Data           1  usb_pwr.o(.data)
    ResumeS                                  0x200003dd   Data           2  usb_pwr.o(.data)
    remotewakeupon                           0x200003e0   Data           4  usb_pwr.o(.data)
    START_TASK_STK                           0x200003e4   Data         256  main.o(.bss)
    ADC_TASK_STK                             0x200004e4   Data         256  main.o(.bss)
    REMOTE_TASK_STK                          0x200005e4   Data         256  main.o(.bss)
    LEDS_TASK_STK                            0x200006e4   Data         256  main.o(.bss)
    MAIN_TASK_STK                            0x200007e4   Data         512  main.o(.bss)
    USB_TASK_STK                             0x200009e4   Data         512  main.o(.bss)
    KEY_TASK_STK                             0x20000be4   Data         256  main.o(.bss)
    calendar                                 0x20000ce4   Data          10  rtc.o(.bss)
    W25QXX_BUFFER                            0x20000cee   Data        4096  w25qxx.o(.bss)
    USART_RX_BUF                             0x20001cee   Data         200  usart.o(.bss)
    OSEventTbl                               0x20001db8   Data         200  os_core.o(.bss)
    OSFlagTbl                                0x20001e80   Data          80  os_core.o(.bss)
    OSTaskStatStk                            0x20001ed0   Data         512  os_core.o(.bss)
    OSTaskIdleStk                            0x200020d0   Data         512  os_core.o(.bss)
    OSTCBPrioTbl                             0x200022d0   Data         256  os_core.o(.bss)
    OSTCBTbl                                 0x200023d0   Data        1008  os_core.o(.bss)
    OSQTbl                                   0x200027c0   Data         120  os_core.o(.bss)
    OSTmrTbl                                 0x20002838   Data         640  os_core.o(.bss)
    OSTmrTaskStk                             0x20002ab8   Data         512  os_core.o(.bss)
    OSTmrWheelTbl                            0x20002cb8   Data          64  os_core.o(.bss)
    membase                                  0x20002cf8   Data        5120  malloc.o(.bss)
    memmapbase                               0x200040f8   Data         320  malloc.o(.bss)
    Device_Info                              0x20004238   Data          28  usb_init.o(.bss)
    CBW                                      0x20004254   Data          32  usb_bot.o(.bss)
    CSW                                      0x20004274   Data          16  usb_bot.o(.bss)
    __libspace_start                         0x20004284   Data          96  libspace.o(.bss)
    __temporary_stack_top$libspace           0x200042e4   Data           0  libspace.o(.bss)



==============================================================================

Memory Map of the image

  Image Entry point : 0x080000ed

  Load Region LR_IROM1 (Base: 0x08000000, Size: 0x000089a8, Max: 0x00020000, ABSOLUTE, COMPRESSED[0x000086f8])

    Execution Region ER_IROM1 (Base: 0x08000000, Size: 0x000085c4, Max: 0x00020000, ABSOLUTE)

    Base Addr    Size         Type   Attr      Idx    E Section Name        Object

    0x08000000   0x000000ec   Data   RO            3    RESET               startup_stm32f10x_md.o
    0x080000ec   0x00000008   Code   RO         3031  * !!!main             c_w.l(__main.o)
    0x080000f4   0x00000034   Code   RO         3250    !!!scatter          c_w.l(__scatter.o)
    0x08000128   0x0000005a   Code   RO         3248    !!dczerorl2         c_w.l(__dczerorl2.o)
    0x08000182   0x00000002   PAD
    0x08000184   0x0000001c   Code   RO         3252    !!handler_zi        c_w.l(__scatter_zi.o)
    0x080001a0   0x00000000   Code   RO         3028    .ARM.Collect$$_printf_percent$$00000000  c_w.l(_printf_percent.o)
    0x080001a0   0x00000006   Code   RO         3026    .ARM.Collect$$_printf_percent$$00000009  c_w.l(_printf_d.o)
    0x080001a6   0x00000006   Code   RO         3027    .ARM.Collect$$_printf_percent$$0000000A  c_w.l(_printf_u.o)
    0x080001ac   0x00000006   Code   RO         3025    .ARM.Collect$$_printf_percent$$0000000C  c_w.l(_printf_x.o)
    0x080001b2   0x00000006   Code   RO         3023    .ARM.Collect$$_printf_percent$$00000013  c_w.l(_printf_c.o)
    0x080001b8   0x00000006   Code   RO         3024    .ARM.Collect$$_printf_percent$$00000014  c_w.l(_printf_s.o)
    0x080001be   0x00000004   Code   RO         3074    .ARM.Collect$$_printf_percent$$00000017  c_w.l(_printf_percent_end.o)
    0x080001c2   0x00000002   Code   RO         3122    .ARM.Collect$$libinit$$00000000  c_w.l(libinit.o)
    0x080001c4   0x00000000   Code   RO         3135    .ARM.Collect$$libinit$$00000002  c_w.l(libinit2.o)
    0x080001c4   0x00000000   Code   RO         3137    .ARM.Collect$$libinit$$00000004  c_w.l(libinit2.o)
    0x080001c4   0x00000000   Code   RO         3140    .ARM.Collect$$libinit$$0000000A  c_w.l(libinit2.o)
    0x080001c4   0x00000000   Code   RO         3142    .ARM.Collect$$libinit$$0000000C  c_w.l(libinit2.o)
    0x080001c4   0x00000000   Code   RO         3144    .ARM.Collect$$libinit$$0000000E  c_w.l(libinit2.o)
    0x080001c4   0x00000000   Code   RO         3147    .ARM.Collect$$libinit$$00000011  c_w.l(libinit2.o)
    0x080001c4   0x00000000   Code   RO         3149    .ARM.Collect$$libinit$$00000013  c_w.l(libinit2.o)
    0x080001c4   0x00000000   Code   RO         3151    .ARM.Collect$$libinit$$00000015  c_w.l(libinit2.o)
    0x080001c4   0x00000000   Code   RO         3153    .ARM.Collect$$libinit$$00000017  c_w.l(libinit2.o)
    0x080001c4   0x00000000   Code   RO         3155    .ARM.Collect$$libinit$$00000019  c_w.l(libinit2.o)
    0x080001c4   0x00000000   Code   RO         3157    .ARM.Collect$$libinit$$0000001B  c_w.l(libinit2.o)
    0x080001c4   0x00000000   Code   RO         3159    .ARM.Collect$$libinit$$0000001D  c_w.l(libinit2.o)
    0x080001c4   0x00000000   Code   RO         3161    .ARM.Collect$$libinit$$0000001F  c_w.l(libinit2.o)
    0x080001c4   0x00000000   Code   RO         3163    .ARM.Collect$$libinit$$00000021  c_w.l(libinit2.o)
    0x080001c4   0x00000000   Code   RO         3165    .ARM.Collect$$libinit$$00000023  c_w.l(libinit2.o)
    0x080001c4   0x00000000   Code   RO         3167    .ARM.Collect$$libinit$$00000025  c_w.l(libinit2.o)
    0x080001c4   0x00000000   Code   RO         3171    .ARM.Collect$$libinit$$0000002C  c_w.l(libinit2.o)
    0x080001c4   0x00000000   Code   RO         3173    .ARM.Collect$$libinit$$0000002E  c_w.l(libinit2.o)
    0x080001c4   0x00000000   Code   RO         3175    .ARM.Collect$$libinit$$00000030  c_w.l(libinit2.o)
    0x080001c4   0x00000000   Code   RO         3177    .ARM.Collect$$libinit$$00000032  c_w.l(libinit2.o)
    0x080001c4   0x00000002   Code   RO         3178    .ARM.Collect$$libinit$$00000033  c_w.l(libinit2.o)
    0x080001c6   0x00000002   Code   RO         3204    .ARM.Collect$$libshutdown$$00000000  c_w.l(libshutdown.o)
    0x080001c8   0x00000000   Code   RO         3231    .ARM.Collect$$libshutdown$$00000002  c_w.l(libshutdown2.o)
    0x080001c8   0x00000000   Code   RO         3233    .ARM.Collect$$libshutdown$$00000004  c_w.l(libshutdown2.o)
    0x080001c8   0x00000000   Code   RO         3236    .ARM.Collect$$libshutdown$$00000007  c_w.l(libshutdown2.o)
    0x080001c8   0x00000000   Code   RO         3239    .ARM.Collect$$libshutdown$$0000000A  c_w.l(libshutdown2.o)
    0x080001c8   0x00000000   Code   RO         3241    .ARM.Collect$$libshutdown$$0000000C  c_w.l(libshutdown2.o)
    0x080001c8   0x00000000   Code   RO         3244    .ARM.Collect$$libshutdown$$0000000F  c_w.l(libshutdown2.o)
    0x080001c8   0x00000002   Code   RO         3245    .ARM.Collect$$libshutdown$$00000010  c_w.l(libshutdown2.o)
    0x080001ca   0x00000000   Code   RO         3063    .ARM.Collect$$rtentry$$00000000  c_w.l(__rtentry.o)
    0x080001ca   0x00000000   Code   RO         3085    .ARM.Collect$$rtentry$$00000002  c_w.l(__rtentry2.o)
    0x080001ca   0x00000006   Code   RO         3097    .ARM.Collect$$rtentry$$00000004  c_w.l(__rtentry4.o)
    0x080001d0   0x00000000   Code   RO         3087    .ARM.Collect$$rtentry$$00000009  c_w.l(__rtentry2.o)
    0x080001d0   0x00000004   Code   RO         3088    .ARM.Collect$$rtentry$$0000000A  c_w.l(__rtentry2.o)
    0x080001d4   0x00000000   Code   RO         3090    .ARM.Collect$$rtentry$$0000000C  c_w.l(__rtentry2.o)
    0x080001d4   0x00000008   Code   RO         3091    .ARM.Collect$$rtentry$$0000000D  c_w.l(__rtentry2.o)
    0x080001dc   0x00000002   Code   RO         3126    .ARM.Collect$$rtexit$$00000000  c_w.l(rtexit.o)
    0x080001de   0x00000000   Code   RO         3180    .ARM.Collect$$rtexit$$00000002  c_w.l(rtexit2.o)
    0x080001de   0x00000004   Code   RO         3181    .ARM.Collect$$rtexit$$00000003  c_w.l(rtexit2.o)
    0x080001e2   0x00000006   Code   RO         3182    .ARM.Collect$$rtexit$$00000004  c_w.l(rtexit2.o)
    0x080001e8   0x00000038   Code   RO            4    .text               startup_stm32f10x_md.o
    0x08000220   0x000000b4   Code   RO         1790    .text               os_cpu_a.o
    0x080002d4   0x00000002   Code   RO         2964    .text               c_w.l(use_no_semi_2.o)
    0x080002d6   0x000000ee   Code   RO         2966    .text               c_w.l(lludivv7m.o)
    0x080003c4   0x00000048   Code   RO         2968    .text               c_w.l(llsdiv.o)
    0x0800040c   0x00000018   Code   RO         2972    .text               c_w.l(noretval__2printf.o)
    0x08000424   0x0000004e   Code   RO         2976    .text               c_w.l(_printf_pad.o)
    0x08000472   0x00000052   Code   RO         2978    .text               c_w.l(_printf_str.o)
    0x080004c4   0x00000078   Code   RO         2980    .text               c_w.l(_printf_dec.o)
    0x0800053c   0x00000058   Code   RO         2985    .text               c_w.l(_printf_hex_int.o)
    0x08000594   0x00000188   Code   RO         3020    .text               c_w.l(__printf_flags_ss_wp.o)
    0x0800071c   0x00000006   Code   RO         3029    .text               c_w.l(heapauxi.o)
    0x08000722   0x00000002   Code   RO         3061    .text               c_w.l(use_no_semi.o)
    0x08000724   0x000000b2   Code   RO         3068    .text               c_w.l(_printf_intcommon.o)
    0x080007d6   0x0000002c   Code   RO         3070    .text               c_w.l(_printf_char.o)
    0x08000802   0x00000002   PAD
    0x08000804   0x00000024   Code   RO         3072    .text               c_w.l(_printf_char_file.o)
    0x08000828   0x00000030   Code   RO         3101    .text               c_w.l(_printf_char_common.o)
    0x08000858   0x00000008   Code   RO         3103    .text               c_w.l(ferror.o)
    0x08000860   0x0000004a   Code   RO         3107    .text               c_w.l(sys_stackheap_outer.o)
    0x080008aa   0x00000012   Code   RO         3111    .text               c_w.l(exit.o)
    0x080008bc   0x00000008   Code   RO         3123    .text               c_w.l(libspace.o)
    0x080008c4   0x0000002e   Code   RO          298    i.AT24CXX_Check     24cxx.o
    0x080008f2   0x00000008   Code   RO          299    i.AT24CXX_Init      24cxx.o
    0x080008fa   0x00000058   Code   RO          302    i.AT24CXX_ReadOneByte  24cxx.o
    0x08000952   0x00000050   Code   RO          305    i.AT24CXX_WriteOneByte  24cxx.o
    0x080009a2   0x00000002   PAD
    0x080009a4   0x00000128   Code   RO          406    i.Adc_Init          adc.o
    0x08000acc   0x0000003c   Code   RO          430    i.BEEP_Init         beep.o
    0x08000b08   0x00000040   Code   RO         2611    i.Bot_Abort         usb_bot.o
    0x08000b48   0x0000000c   Code   RO         2054    i.ByteSwap          usb_regs.o
    0x08000b54   0x000002c8   Code   RO         2612    i.CBW_Decode        usb_bot.o
    0x08000e1c   0x00000288   Code   RO         2007    i.CTR_LP            usb_int.o
    0x080010a4   0x00000034   Code   RO         2055    i.ClearDTOG_RX      usb_regs.o
    0x080010d8   0x00000034   Code   RO         2056    i.ClearDTOG_TX      usb_regs.o
    0x0800110c   0x00000028   Code   RO         2061    i.Clear_Status_Out  usb_regs.o
    0x08001134   0x000000c0   Code   RO         1861    i.DataStageIn       usb_core.o
    0x080011f4   0x000000bc   Code   RO         1862    i.DataStageOut      usb_core.o
    0x080012b0   0x00000298   Code   RO         1863    i.Data_Setup0       usb_core.o
    0x08001548   0x00000008   Code   RO         2675    i.EP1_IN_Callback   usb_endp.o
    0x08001550   0x00000008   Code   RO         2676    i.EP2_OUT_Callback  usb_endp.o
    0x08001558   0x00000030   Code   RO         2438    i.Enter_LowPowerMode  hw_config.o
    0x08001588   0x00000020   Code   RO         2073    i.GetEPRxAddr       usb_regs.o
    0x080015a8   0x00000024   Code   RO         2074    i.GetEPRxCount      usb_regs.o
    0x080015cc   0x00000018   Code   RO         2075    i.GetEPRxStatus     usb_regs.o
    0x080015e4   0x00000020   Code   RO         2076    i.GetEPTxAddr       usb_regs.o
    0x08001604   0x00000044   Code   RO          407    i.Get_Adc           adc.o
    0x08001648   0x00000024   Code   RO          408    i.Get_Adc_Average   adc.o
    0x0800166c   0x0000001c   Code   RO         2711    i.Get_Max_Lun       usb_prop.o
    0x08001688   0x00000034   Code   RO         2439    i.Get_SerialNum     hw_config.o
    0x080016bc   0x00000050   Code   RO          352    i.IIC_Ack           myiic.o
    0x0800170c   0x00000050   Code   RO          353    i.IIC_Init          myiic.o
    0x0800175c   0x00000050   Code   RO          354    i.IIC_NAck          myiic.o
    0x080017ac   0x00000070   Code   RO          355    i.IIC_Read_Byte     myiic.o
    0x0800181c   0x00000068   Code   RO          356    i.IIC_Send_Byte     myiic.o
    0x08001884   0x0000004c   Code   RO          357    i.IIC_Start         myiic.o
    0x080018d0   0x0000004c   Code   RO          358    i.IIC_Stop          myiic.o
    0x0800191c   0x00000064   Code   RO          359    i.IIC_Wait_Ack      myiic.o
    0x08001980   0x00000070   Code   RO         1864    i.In0_Process       usb_core.o
    0x080019f0   0x0000003e   Code   RO         2440    i.IntToUnicode      hw_config.o
    0x08001a2e   0x0000003a   Code   RO          476    i.Is_Leap_Year      rtc.o
    0x08001a68   0x00000030   Code   RO          726    i.JTAG_Set          sys.o
    0x08001a98   0x00000098   Code   RO          237    i.KEY_Init          key.o
    0x08001b30   0x000000a0   Code   RO          238    i.KEY_Scan          key.o
    0x08001bd0   0x00000034   Code   RO          256    i.LED_Init          led.o
    0x08001c04   0x00000020   Code   RO          268    i.LED_Refresh       smg.o
    0x08001c24   0x0000008c   Code   RO          269    i.LED_SMG_Init      smg.o
    0x08001cb0   0x00000028   Code   RO          270    i.LED_Wei           smg.o
    0x08001cd8   0x00000044   Code   RO          271    i.LED_Write_Data    smg.o
    0x08001d1c   0x00000040   Code   RO         2441    i.Leave_LowPowerMode  hw_config.o
    0x08001d5c   0x0000000c   Code   RO         2442    i.Led_RW_OFF        hw_config.o
    0x08001d68   0x0000000c   Code   RO         2443    i.Led_RW_ON         hw_config.o
    0x08001d74   0x0000001e   Code   RO         2533    i.MAL_GetStatus     mass_mal.o
    0x08001d92   0x00000030   Code   RO         2535    i.MAL_Read          mass_mal.o
    0x08001dc2   0x00000030   Code   RO         2536    i.MAL_Write         mass_mal.o
    0x08001df2   0x00000002   PAD
    0x08001df4   0x00000060   Code   RO         2712    i.MASS_Data_Setup   usb_prop.o
    0x08001e54   0x00000014   Code   RO         2713    i.MASS_GetConfigDescriptor  usb_prop.o
    0x08001e68   0x00000014   Code   RO         2714    i.MASS_GetDeviceDescriptor  usb_prop.o
    0x08001e7c   0x00000028   Code   RO         2715    i.MASS_GetStringDescriptor  usb_prop.o
    0x08001ea4   0x00000016   Code   RO         2716    i.MASS_Get_Interface_Setting  usb_prop.o
    0x08001eba   0x00000002   PAD
    0x08001ebc   0x0000005c   Code   RO         2717    i.MASS_NoData_Setup  usb_prop.o
    0x08001f18   0x000000f0   Code   RO         2718    i.MASS_Reset        usb_prop.o
    0x08002008   0x00000002   Code   RO         2719    i.MASS_Status_In    usb_prop.o
    0x0800200a   0x00000002   Code   RO         2720    i.MASS_Status_Out   usb_prop.o
    0x0800200c   0x00000028   Code   RO         2721    i.MASS_init         usb_prop.o
    0x08002034   0x00000068   Code   RO          727    i.MYRCC_DeInit      sys.o
    0x0800209c   0x00000078   Code   RO          728    i.MY_NVIC_Init      sys.o
    0x08002114   0x00000028   Code   RO          729    i.MY_NVIC_PriorityGroupConfig  sys.o
    0x0800213c   0x00000014   Code   RO          730    i.MY_NVIC_SetVectorTable  sys.o
    0x08002150   0x0000001c   Code   RO         2722    i.Mass_Storage_ClearFeature  usb_prop.o
    0x0800216c   0x000000a8   Code   RO         2613    i.Mass_Storage_In   usb_bot.o
    0x08002214   0x000000ac   Code   RO         2614    i.Mass_Storage_Out  usb_bot.o
    0x080022c0   0x00000030   Code   RO         2723    i.Mass_Storage_SetConfiguration  usb_prop.o
    0x080022f0   0x0000000c   Code   RO         2724    i.Mass_Storage_SetDeviceAddress  usb_prop.o
    0x080022fc   0x00000002   Code   RO         1865    i.NOP_Process       usb_core.o
    0x080022fe   0x00000002   PAD
    0x08002300   0x00000138   Code   RO         1866    i.NoData_Setup0     usb_core.o
    0x08002438   0x00000030   Code   RO          990    i.OSInit            os_core.o
    0x08002468   0x0000000c   Code   RO         1708    i.OSInitHookBegin   os_cpu_c.o
    0x08002474   0x00000002   Code   RO         1709    i.OSInitHookEnd     os_cpu_c.o
    0x08002476   0x00000002   PAD
    0x08002478   0x00000024   Code   RO          991    i.OSIntEnter        os_core.o
    0x0800249c   0x00000090   Code   RO          992    i.OSIntExit         os_core.o
    0x0800252c   0x0000004c   Code   RO         1254    i.OSMboxCreate      os_mbox.o
    0x08002578   0x00000104   Code   RO         1256    i.OSMboxPend        os_mbox.o
    0x0800267c   0x00000050   Code   RO         1258    i.OSMboxPost        os_mbox.o
    0x080026cc   0x00000040   Code   RO          993    i.OSSchedLock       os_core.o
    0x0800270c   0x00000060   Code   RO          994    i.OSSchedUnlock     os_core.o
    0x0800276c   0x0000004c   Code   RO         1433    i.OSSemCreate       os_sem.o
    0x080027b8   0x000000ec   Code   RO         1435    i.OSSemPend         os_sem.o
    0x080028a4   0x00000058   Code   RO         1437    i.OSSemPost         os_sem.o
    0x080028fc   0x00000048   Code   RO          995    i.OSStart           os_core.o
    0x08002944   0x0000004c   Code   RO          996    i.OSStatInit        os_core.o
    0x08002990   0x00000002   Code   RO         1710    i.OSTCBInitHook     os_cpu_c.o
    0x08002992   0x00000002   PAD
    0x08002994   0x000000a0   Code   RO         1487    i.OSTaskCreate      os_task.o
    0x08002a34   0x000000b8   Code   RO         1488    i.OSTaskCreateExt   os_task.o
    0x08002aec   0x00000002   Code   RO         1711    i.OSTaskCreateHook  os_cpu_c.o
    0x08002aee   0x00000002   Code   RO         1713    i.OSTaskIdleHook    os_cpu_c.o
    0x08002af0   0x00000070   Code   RO         1492    i.OSTaskNameSet     os_task.o
    0x08002b60   0x000000ac   Code   RO         1496    i.OSTaskResume      os_task.o
    0x08002c0c   0x00000002   Code   RO         1715    i.OSTaskStatHook    os_cpu_c.o
    0x08002c0e   0x00000002   PAD
    0x08002c10   0x0000008c   Code   RO         1497    i.OSTaskStkChk      os_task.o
    0x08002c9c   0x0000009a   Code   RO         1716    i.OSTaskStkInit     os_cpu_c.o
    0x08002d36   0x00000002   PAD
    0x08002d38   0x000000a8   Code   RO         1498    i.OSTaskSuspend     os_task.o
    0x08002de0   0x00000002   Code   RO         1717    i.OSTaskSwHook      os_cpu_c.o
    0x08002de2   0x00000002   PAD
    0x08002de4   0x00000078   Code   RO         1582    i.OSTimeDly         os_time.o
    0x08002e5c   0x000000ec   Code   RO          997    i.OSTimeTick        os_core.o
    0x08002f48   0x00000020   Code   RO         1718    i.OSTimeTickHook    os_cpu_c.o
    0x08002f68   0x00000014   Code   RO         1622    i.OSTmrSignal       os_tmr.o
    0x08002f7c   0x000000b8   Code   RO         1628    i.OSTmr_Init        os_tmr.o
    0x08003034   0x00000050   Code   RO         1629    i.OSTmr_InitTask    os_tmr.o
    0x08003084   0x0000006c   Code   RO         1630    i.OSTmr_Link        os_tmr.o
    0x080030f0   0x00000080   Code   RO         1631    i.OSTmr_Task        os_tmr.o
    0x08003170   0x00000044   Code   RO         1632    i.OSTmr_Unlink      os_tmr.o
    0x080031b4   0x00000084   Code   RO         1000    i.OS_EventTaskRdy   os_core.o
    0x08003238   0x0000002a   Code   RO         1001    i.OS_EventTaskRemove  os_core.o
    0x08003262   0x00000002   PAD
    0x08003264   0x0000007c   Code   RO         1002    i.OS_EventTaskWait  os_core.o
    0x080032e0   0x0000001c   Code   RO         1003    i.OS_EventWaitListInit  os_core.o
    0x080032fc   0x00000058   Code   RO         1181    i.OS_FlagInit       os_flag.o
    0x08003354   0x00000054   Code   RO         1004    i.OS_InitEventList  os_core.o
    0x080033a8   0x00000054   Code   RO         1005    i.OS_InitMisc       os_core.o
    0x080033fc   0x00000044   Code   RO         1006    i.OS_InitRdyList    os_core.o
    0x08003440   0x00000080   Code   RO         1007    i.OS_InitTCBList    os_core.o
    0x080034c0   0x00000050   Code   RO         1008    i.OS_InitTaskIdle   os_core.o
    0x08003510   0x00000050   Code   RO         1009    i.OS_InitTaskStat   os_core.o
    0x08003560   0x00000012   Code   RO         1010    i.OS_MemClr         os_core.o
    0x08003572   0x00000002   PAD
    0x08003574   0x00000050   Code   RO         1370    i.OS_QInit          os_q.o
    0x080035c4   0x00000074   Code   RO         1012    i.OS_Sched          os_core.o
    0x08003638   0x0000002c   Code   RO         1013    i.OS_SchedNew       os_core.o
    0x08003664   0x00000134   Code   RO         1015    i.OS_TCBInit        os_core.o
    0x08003798   0x00000028   Code   RO         1016    i.OS_TaskIdle       os_core.o
    0x080037c0   0x00000088   Code   RO         1017    i.OS_TaskStat       os_core.o
    0x08003848   0x0000003c   Code   RO         1018    i.OS_TaskStatStkChk  os_core.o
    0x08003884   0x0000001a   Code   RO         1500    i.OS_TaskStkClr     os_task.o
    0x0800389e   0x00000002   PAD
    0x080038a0   0x00000050   Code   RO         1867    i.Out0_Process      usb_core.o
    0x080038f0   0x00000028   Code   RO         2036    i.PMAToUserBufferCopy  usb_mem.o
    0x08003918   0x00000048   Code   RO         1868    i.Post0_Process     usb_core.o
    0x08003960   0x00000038   Code   RO         2817    i.PowerOn           usb_pwr.o
    0x08003998   0x00000108   Code   RO          478    i.RTC_Get           rtc.o
    0x08003aa0   0x00000078   Code   RO          479    i.RTC_Get_Week      rtc.o
    0x08003b18   0x00000090   Code   RO          480    i.RTC_IRQHandler    rtc.o
    0x08003ba8   0x00000188   Code   RO          481    i.RTC_Init          rtc.o
    0x08003d30   0x00000114   Code   RO          482    i.RTC_Set           rtc.o
    0x08003e44   0x00000158   Code   RO         2569    i.Read_Memory       memory.o
    0x08003f9c   0x000000c4   Code   RO          442    i.Remote_Init       remote.o
    0x08004060   0x00000068   Code   RO          443    i.Remote_Scan       remote.o
    0x080040c8   0x000000d0   Code   RO         2818    i.Resume            usb_pwr.o
    0x08004198   0x00000024   Code   RO         2819    i.Resume_Init       usb_pwr.o
    0x080041bc   0x0000008c   Code   RO         2859    i.SCSI_Address_Management  usb_scsi.o
    0x08004248   0x00000030   Code   RO         2860    i.SCSI_Format_Cmd   usb_scsi.o
    0x08004278   0x00000048   Code   RO         2861    i.SCSI_Inquiry_Cmd  usb_scsi.o
    0x080042c0   0x00000044   Code   RO         2862    i.SCSI_Invalid_Cmd  usb_scsi.o
    0x08004304   0x00000014   Code   RO         2863    i.SCSI_ModeSense10_Cmd  usb_scsi.o
    0x08004318   0x00000014   Code   RO         2864    i.SCSI_ModeSense6_Cmd  usb_scsi.o
    0x0800432c   0x00000078   Code   RO         2865    i.SCSI_Read10_Cmd   usb_scsi.o
    0x080043a4   0x0000009c   Code   RO         2866    i.SCSI_ReadCapacity10_Cmd  usb_scsi.o
    0x08004440   0x00000088   Code   RO         2867    i.SCSI_ReadFormatCapacity_Cmd  usb_scsi.o
    0x080044c8   0x00000028   Code   RO         2868    i.SCSI_RequestSense_Cmd  usb_scsi.o
    0x080044f0   0x0000000e   Code   RO         2869    i.SCSI_Start_Stop_Unit_Cmd  usb_scsi.o
    0x080044fe   0x00000002   PAD
    0x08004500   0x00000038   Code   RO         2870    i.SCSI_TestUnitReady_Cmd  usb_scsi.o
    0x08004538   0x00000040   Code   RO         2872    i.SCSI_Verify10_Cmd  usb_scsi.o
    0x08004578   0x00000078   Code   RO         2873    i.SCSI_Write10_Cmd  usb_scsi.o
    0x080045f0   0x000000b4   Code   RO          532    i.SPI2_Init         spi.o
    0x080046a4   0x00000058   Code   RO          533    i.SPI2_ReadWriteByte  spi.o
    0x080046fc   0x0000002c   Code   RO          534    i.SPI2_SetSpeed     spi.o
    0x08004728   0x00000010   Code   RO         2084    i.SetBTABLE         usb_regs.o
    0x08004738   0x00000050   Code   RO         1869    i.SetDeviceAddress  usb_core.o
    0x08004788   0x00000024   Code   RO         2098    i.SetEPRxAddr       usb_regs.o
    0x080047ac   0x0000004c   Code   RO         2099    i.SetEPRxCount      usb_regs.o
    0x080047f8   0x00000040   Code   RO         2100    i.SetEPRxStatus     usb_regs.o
    0x08004838   0x00000034   Code   RO         2101    i.SetEPRxValid      usb_regs.o
    0x0800486c   0x00000020   Code   RO         2102    i.SetEPTxAddr       usb_regs.o
    0x0800488c   0x0000001c   Code   RO         2103    i.SetEPTxCount      usb_regs.o
    0x080048a8   0x00000040   Code   RO         2104    i.SetEPTxStatus     usb_regs.o
    0x080048e8   0x00000024   Code   RO         2106    i.SetEPType         usb_regs.o
    0x0800490c   0x0000003c   Code   RO         2615    i.Set_CSW           usb_bot.o
    0x08004948   0x0000000c   Code   RO         2874    i.Set_Scsi_Sense_Data  usb_scsi.o
    0x08004954   0x0000001c   Code   RO         2444    i.Set_USBClock      hw_config.o
    0x08004970   0x000000b8   Code   RO         1870    i.Setup0_Process    usb_core.o
    0x08004a28   0x0000016c   Code   RO         1871    i.Standard_ClearFeature  usb_core.o
    0x08004b94   0x0000002c   Code   RO         1872    i.Standard_GetConfiguration  usb_core.o
    0x08004bc0   0x00000024   Code   RO         1873    i.Standard_GetDescriptorData  usb_core.o
    0x08004be4   0x0000002c   Code   RO         1874    i.Standard_GetInterface  usb_core.o
    0x08004c10   0x00000100   Code   RO         1875    i.Standard_GetStatus  usb_core.o
    0x08004d10   0x00000048   Code   RO         1876    i.Standard_SetConfiguration  usb_core.o
    0x08004d58   0x00000028   Code   RO         1877    i.Standard_SetDeviceFeature  usb_core.o
    0x08004d80   0x000000d0   Code   RO         1878    i.Standard_SetEndPointFeature  usb_core.o
    0x08004e50   0x0000006c   Code   RO         1879    i.Standard_SetInterface  usb_core.o
    0x08004ebc   0x00000090   Code   RO          731    i.Stm32_Clock_Init  sys.o
    0x08004f4c   0x00000028   Code   RO         2820    i.Suspend           usb_pwr.o
    0x08004f74   0x0000001c   Code   RO          674    i.SysTick_Handler   delay.o
    0x08004f90   0x00000544   Code   RO           10    i.TIM2_IRQHandler   main.o
    0x080054d4   0x00000040   Code   RO          559    i.TIM2_Init         timer.o
    0x08005514   0x000001a0   Code   RO          444    i.TIM3_IRQHandler   remote.o
    0x080056b4   0x0000003c   Code   RO          829    i.TIM4_IRQHandler   usmart.o
    0x080056f0   0x00000050   Code   RO          830    i.Timer4_Init       usmart.o
    0x08005740   0x00000038   Code   RO         2616    i.Transfer_Data_Request  usb_bot.o
    0x08005778   0x0000008c   Code   RO          788    i.USART1_IRQHandler  usart.o
    0x08005804   0x00000014   Code   RO         2445    i.USBWakeUp_IRQHandler  hw_config.o
    0x08005818   0x0000003c   Code   RO         1983    i.USB_Init          usb_init.o
    0x08005854   0x0000003c   Code   RO         2447    i.USB_Interrupts_Config  hw_config.o
    0x08005890   0x000000f8   Code   RO         2693    i.USB_Istr          usb_istr.o
    0x08005988   0x00000008   Code   RO         2448    i.USB_LP_CAN1_RX0_IRQHandler  hw_config.o
    0x08005990   0x00000020   Code   RO         2449    i.USB_NotConfigured_LED  hw_config.o
    0x080059b0   0x0000005c   Code   RO         2450    i.USB_Port_Set      hw_config.o
    0x08005a0c   0x00000024   Code   RO         2414    i.USB_SIL_Init      usb_sil.o
    0x08005a30   0x0000002e   Code   RO         2415    i.USB_SIL_Read      usb_sil.o
    0x08005a5e   0x0000002e   Code   RO         2416    i.USB_SIL_Write     usb_sil.o
    0x08005a8c   0x00000038   Code   RO         2037    i.UserToPMABufferCopy  usb_mem.o
    0x08005ac4   0x00000048   Code   RO          572    i.W25QXX_Erase_Sector  w25qxx.o
    0x08005b0c   0x00000054   Code   RO          573    i.W25QXX_Init       w25qxx.o
    0x08005b60   0x00000050   Code   RO          575    i.W25QXX_Read       w25qxx.o
    0x08005bb0   0x00000048   Code   RO          576    i.W25QXX_ReadID     w25qxx.o
    0x08005bf8   0x0000002c   Code   RO          577    i.W25QXX_ReadSR     w25qxx.o
    0x08005c24   0x00000012   Code   RO          579    i.W25QXX_Wait_Busy  w25qxx.o
    0x08005c36   0x00000002   PAD
    0x08005c38   0x000000b4   Code   RO          580    i.W25QXX_Write      w25qxx.o
    0x08005cec   0x00000020   Code   RO          582    i.W25QXX_Write_Enable  w25qxx.o
    0x08005d0c   0x00000046   Code   RO          583    i.W25QXX_Write_NoCheck  w25qxx.o
    0x08005d52   0x00000002   PAD
    0x08005d54   0x00000054   Code   RO          584    i.W25QXX_Write_Page  w25qxx.o
    0x08005da8   0x00000188   Code   RO         2570    i.Write_Memory      memory.o
    0x08005f30   0x0000000e   Code   RO         3013    i._is_digit         c_w.l(__printf_wp.o)
    0x08005f3e   0x00000006   Code   RO          789    i._sys_exit         usart.o
    0x08005f44   0x0000008c   Code   RO           11    i.adc_task          main.o
    0x08005fd0   0x0000005c   Code   RO          675    i.delay_init        delay.o
    0x0800602c   0x00000050   Code   RO          676    i.delay_ms          delay.o
    0x0800607c   0x00000008   Code   RO          677    i.delay_osschedlock  delay.o
    0x08006084   0x00000008   Code   RO          678    i.delay_osschedunlock  delay.o
    0x0800608c   0x0000000c   Code   RO          679    i.delay_ostimedly   delay.o
    0x08006098   0x00000058   Code   RO          680    i.delay_us          delay.o
    0x080060f0   0x0000001c   Code   RO          790    i.fputc             usart.o
    0x0800610c   0x00000024   Code   RO           12    i.key_task          main.o
    0x08006130   0x0000006c   Code   RO           13    i.leds_task         main.o
    0x0800619c   0x00000028   Code   RO           14    i.main              main.o
    0x080061c4   0x000001a4   Code   RO           15    i.main_task         main.o
    0x08006368   0x0000002c   Code   RO         1794    i.mem_init          malloc.o
    0x08006394   0x00000078   Code   RO         1795    i.mem_malloc        malloc.o
    0x0800640c   0x0000002c   Code   RO         1796    i.mem_perused       malloc.o
    0x08006438   0x00000020   Code   RO         1798    i.mymalloc          malloc.o
    0x08006458   0x00000014   Code   RO         1800    i.mymemset          malloc.o
    0x0800646c   0x00000006   Code   RO          831    i.read_addr         usmart.o
    0x08006472   0x00000002   PAD
    0x08006474   0x00000024   Code   RO           16    i.remote_task       main.o
    0x08006498   0x000000a8   Code   RO           17    i.start_task        main.o
    0x08006540   0x000002c0   Code   RO           18    i.system_init       main.o
    0x08006800   0x000000e4   Code   RO          791    i.uart_init         usart.o
    0x080068e4   0x00000124   Code   RO           19    i.usb_task          main.o
    0x08006a08   0x000000b0   Code   RO          832    i.usmart_cmd_rec    usmart.o
    0x08006ab8   0x000002d8   Code   RO          833    i.usmart_exe        usmart.o
    0x08006d90   0x000000c8   Code   RO          918    i.usmart_get_aparm  usmart_str.o
    0x08006e58   0x00000036   Code   RO          919    i.usmart_get_cmdname  usmart_str.o
    0x08006e8e   0x00000002   PAD
    0x08006e90   0x000001c0   Code   RO          920    i.usmart_get_fname  usmart_str.o
    0x08007050   0x0000010c   Code   RO          921    i.usmart_get_fparam  usmart_str.o
    0x0800715c   0x00000020   Code   RO          922    i.usmart_get_parmpos  usmart_str.o
    0x0800717c   0x00000040   Code   RO          834    i.usmart_get_runtime  usmart.o
    0x080071bc   0x00000028   Code   RO          835    i.usmart_init       usmart.o
    0x080071e4   0x00000016   Code   RO          923    i.usmart_pow        usmart_str.o
    0x080071fa   0x00000002   PAD
    0x080071fc   0x00000030   Code   RO          836    i.usmart_reset_runtime  usmart.o
    0x0800722c   0x000000bc   Code   RO          837    i.usmart_scan       usmart.o
    0x080072e8   0x00000016   Code   RO          924    i.usmart_search_nextc  usmart_str.o
    0x080072fe   0x000000ca   Code   RO          925    i.usmart_str2num    usmart_str.o
    0x080073c8   0x00000022   Code   RO          926    i.usmart_strcmp     usmart_str.o
    0x080073ea   0x00000016   Code   RO          927    i.usmart_strcopy    usmart_str.o
    0x08007400   0x00000018   Code   RO          928    i.usmart_strlen     usmart_str.o
    0x08007418   0x000006e4   Code   RO          838    i.usmart_sys_cmd_exe  usmart.o
    0x08007afc   0x00000004   Code   RO          839    i.write_addr        usmart.o
    0x08007b00   0x00000062   Code   RO         3033    x$fpl$d2f           fz_ws.l(d2f.o)
    0x08007b62   0x00000002   PAD
    0x08007b64   0x00000154   Code   RO         3035    x$fpl$dmul          fz_ws.l(dmul.o)
    0x08007cb8   0x0000009c   Code   RO         3075    x$fpl$dnaninf       fz_ws.l(dnaninf.o)
    0x08007d54   0x0000000c   Code   RO         3077    x$fpl$dretinf       fz_ws.l(dretinf.o)
    0x08007d60   0x00000056   Code   RO         3037    x$fpl$f2d           fz_ws.l(f2d.o)
    0x08007db6   0x00000002   PAD
    0x08007db8   0x000000c4   Code   RO         3039    x$fpl$fadd          fz_ws.l(faddsub_clz.o)
    0x08007e7c   0x00000184   Code   RO         3046    x$fpl$fdiv          fz_ws.l(fdiv.o)
    0x08008000   0x0000003e   Code   RO         3049    x$fpl$ffixu         fz_ws.l(ffixu.o)
    0x0800803e   0x00000002   PAD
    0x08008040   0x00000026   Code   RO         3053    x$fpl$ffltu         fz_ws.l(fflt_clz.o)
    0x08008066   0x00000002   PAD
    0x08008068   0x00000102   Code   RO         3059    x$fpl$fmul          fz_ws.l(fmul.o)
    0x0800816a   0x0000008c   Code   RO         3079    x$fpl$fnaninf       fz_ws.l(fnaninf.o)
    0x080081f6   0x0000000a   Code   RO         3081    x$fpl$fretinf       fz_ws.l(fretinf.o)
    0x08008200   0x00000014   Code   RO         3040    x$fpl$frsb          fz_ws.l(faddsub_clz.o)
    0x08008214   0x000000ea   Code   RO         3041    x$fpl$fsub          fz_ws.l(faddsub_clz.o)
    0x080082fe   0x00000000   Code   RO         3083    x$fpl$usenofp       fz_ws.l(usenofp.o)
    0x080082fe   0x00000018   Data   RO          484    .constdata          rtc.o
    0x08008316   0x00000100   Data   RO         1020    .constdata          os_core.o
    0x08008416   0x00000080   Data   RO         2662    .constdata          usb_desc.o
    0x08008496   0x00000028   Data   RO         2986    .constdata          c_w.l(_printf_hex_int.o)
    0x080084be   0x00000011   Data   RO         3021    .constdata          c_w.l(__printf_flags_ss_wp.o)
    0x080084cf   0x00000001   PAD
    0x080084d0   0x00000028   Data   RO          840    .conststring        usmart.o
    0x080084f8   0x000000ab   Data   RO          905    .conststring        usmart_config.o
    0x080085a3   0x00000001   PAD
    0x080085a4   0x00000020   Data   RO         3246    Region$$Table       anon$$obj.o


    Execution Region RW_IRAM1 (Base: 0x20000000, Size: 0x000048e8, Max: 0x00005000, ABSOLUTE, COMPRESSED[0x00000134])

    Base Addr    Size         Type   Attr      Idx    E Section Name        Object

    0x20000000   0x00000026   Data   RW           21    .data               main.o
    0x20000026   0x00000001   Data   RW          239    .data               key.o
    0x20000027   0x00000001   PAD
    0x20000028   0x00000009   Data   RW          445    .data               remote.o
    0x20000031   0x00000001   PAD
    0x20000032   0x00000002   Data   RW          485    .data               rtc.o
    0x20000034   0x00000002   Data   RW          587    .data               w25qxx.o
    0x20000036   0x00000004   Data   RW          681    .data               delay.o
    0x2000003a   0x00000002   PAD
    0x2000003c   0x00000006   Data   RW          793    .data               usart.o
    0x20000042   0x00000002   PAD
    0x20000044   0x0000001c   Data   RW          841    .data               usmart.o
    0x20000060   0x0000011c   Data   RW          906    .data               usmart_config.o
    0x2000017c   0x0000005c   Data   RW         1021    .data               os_core.o
    0x200001d8   0x00000006   Data   RW         1719    .data               os_cpu_c.o
    0x200001de   0x00000002   PAD
    0x200001e0   0x00000014   Data   RW         1804    .data               malloc.o
    0x200001f4   0x00000003   Data   RW         1880    .data               usb_core.o
    0x200001f7   0x00000001   PAD
    0x200001f8   0x00000014   Data   RW         1985    .data               usb_init.o
    0x2000020c   0x00000004   Data   RW         2008    .data               usb_int.o
    0x20000210   0x00000010   Data   RW         2537    .data               mass_mal.o
    0x20000220   0x00000038   Data   RW         2571    .data               memory.o
    0x20000258   0x00000080   Data   RW         2599    .data               scsi_data.o
    0x200002d8   0x00000014   Data   RW         2618    .data               usb_bot.o
    0x200002ec   0x0000001a   Data   RW         2663    .data               usb_desc.o
    0x20000306   0x00000002   PAD
    0x20000308   0x0000003c   Data   RW         2694    .data               usb_istr.o
    0x20000344   0x00000094   Data   RW         2725    .data               usb_prop.o
    0x200003d8   0x0000000c   Data   RW         2822    .data               usb_pwr.o
    0x200003e4   0x00000900   Zero   RW           20    .bss                main.o
    0x20000ce4   0x0000000a   Zero   RW          483    .bss                rtc.o
    0x20000cee   0x00001000   Zero   RW          586    .bss                w25qxx.o
    0x20001cee   0x000000c8   Zero   RW          792    .bss                usart.o
    0x20001db6   0x00000002   PAD
    0x20001db8   0x00000f40   Zero   RW         1019    .bss                os_core.o
    0x20002cf8   0x00001540   Zero   RW         1802    .bss                malloc.o
    0x20004238   0x0000001c   Zero   RW         1984    .bss                usb_init.o
    0x20004254   0x00000030   Zero   RW         2617    .bss                usb_bot.o
    0x20004284   0x00000060   Zero   RW         3124    .bss                c_w.l(libspace.o)
    0x200042e4   0x00000004   PAD
    0x200042e8   0x00000200   Zero   RW            2    HEAP                startup_stm32f10x_md.o
    0x200044e8   0x00000400   Zero   RW            1    STACK               startup_stm32f10x_md.o


==============================================================================

Image component sizes


      Code (inc. data)   RO Data    RW Data    ZI Data      Debug   Object Name

       222          0          0          0          0       2624   24cxx.o
       400         20          0          0          0       1923   adc.o
        60          8          0          0          0        524   beep.o
       316         32          0          4          0       4529   delay.o
       490        138          0          0          0       7560   hw_config.o
       312         32          0          1          0       1314   key.o
        52          8          0          0          0        519   led.o
      3292        686          0         38       2304     229499   main.o
       260         22          0         20       5440       4858   malloc.o
       126          0          0         16          0       3227   mass_mal.o
       736         90          0         56          0       3095   memory.o
       708        112          0          0          0       4866   myiic.o
      2344        426        256         92       3904      25309   os_core.o
       180         36          0          0          0        384   os_cpu_a.o
       210          8          0          6          0      14908   os_cpu_c.o
        88         14          0          0          0        674   os_flag.o
       416         22          0          0          0       2965   os_mbox.o
        80          8          0          0          0        647   os_q.o
       400         22          0          0          0       2774   os_sem.o
       962         82          0          0          0       6831   os_task.o
       120         20          0          0          0        712   os_time.o
       588         98          0          0          0       4439   os_tmr.o
       716         52          0          9          0       2418   remote.o
      1254        128         24          2         10       6058   rtc.o
         0          0          0        128          0       1226   scsi_data.o
       280         54          0          0          0       2348   smg.o
       312         28          0          0          0       1869   spi.o
        56         22        236          0       1536        864   startup_stm32f10x_md.o
       476         54          0          0          0       3879   sys.o
        64          6          0          0          0        652   timer.o
       402         32          0          6        200       4664   usart.o
      1232        118          0         20         48       5207   usb_bot.o
      3058        288          0          3          0      17223   usb_core.o
         0          0        128         26          0       1136   usb_desc.o
        16          0          0          0          0       1097   usb_endp.o
        60         24          0         20         28       4538   usb_init.o
       648         32          0          4          0       2060   usb_int.o
       248         26          0         60          0       1676   usb_istr.o
        96         10          0          0          0       2104   usb_mem.o
       690        120          0        148          0      12810   usb_prop.o
       340         44          0         12          0       4180   usb_pwr.o
       684        102          0          0          0      11700   usb_regs.o
      1086        130          0          0          0      10702   usb_scsi.o
       128          8          0          0          0       2582   usb_sil.o
      3158       1336         40         28          0       8570   usmart.o
         0          0        171        284          0       1868   usmart_config.o
      1328         20          0          0          0       9505   usmart_str.o
       736         60          0          2       4096       7725   w25qxx.o

    ----------------------------------------------------------------------
     29466       4578        888        996      17568     452842   Object Totals
         0          0         32          0          0          0   (incl. Generated)
        36          0          1         11          2          0   (incl. Padding)

    ----------------------------------------------------------------------

      Code (inc. data)   RO Data    RW Data    ZI Data      Debug   Library Member Name

        90          0          0          0          0          0   __dczerorl2.o
         8          0          0          0          0         68   __main.o
       392          4         17          0          0         92   __printf_flags_ss_wp.o
        14          0          0          0          0         68   __printf_wp.o
         0          0          0          0          0          0   __rtentry.o
        12          0          0          0          0          0   __rtentry2.o
         6          0          0          0          0          0   __rtentry4.o
        52          8          0          0          0          0   __scatter.o
        28          0          0          0          0          0   __scatter_zi.o
         6          0          0          0          0          0   _printf_c.o
        44          0          0          0          0        108   _printf_char.o
        48          6          0          0          0         96   _printf_char_common.o
        36          4          0          0          0         80   _printf_char_file.o
         6          0          0          0          0          0   _printf_d.o
       120         16          0          0          0         92   _printf_dec.o
        88          4         40          0          0         88   _printf_hex_int.o
       178          0          0          0          0         88   _printf_intcommon.o
        78          0          0          0          0        108   _printf_pad.o
         0          0          0          0          0          0   _printf_percent.o
         4          0          0          0          0          0   _printf_percent_end.o
         6          0          0          0          0          0   _printf_s.o
        82          0          0          0          0         80   _printf_str.o
         6          0          0          0          0          0   _printf_u.o
         6          0          0          0          0          0   _printf_x.o
        18          0          0          0          0         80   exit.o
         8          0          0          0          0         68   ferror.o
         6          0          0          0          0        152   heapauxi.o
         2          0          0          0          0          0   libinit.o
         2          0          0          0          0          0   libinit2.o
         2          0          0          0          0          0   libshutdown.o
         2          0          0          0          0          0   libshutdown2.o
         8          4          0          0         96         68   libspace.o
        72          0          0          0          0         76   llsdiv.o
       238          0          0          0          0        100   lludivv7m.o
        24          4          0          0          0         84   noretval__2printf.o
         2          0          0          0          0          0   rtexit.o
        10          0          0          0          0          0   rtexit2.o
        74          0          0          0          0         80   sys_stackheap_outer.o
         2          0          0          0          0         68   use_no_semi.o
         2          0          0          0          0         68   use_no_semi_2.o
        98          4          0          0          0         92   d2f.o
       340         12          0          0          0        104   dmul.o
       156          4          0          0          0         92   dnaninf.o
        12          0          0          0          0         68   dretinf.o
        86          4          0          0          0         84   f2d.o
       450          8          0          0          0        236   faddsub_clz.o
       388         76          0          0          0         96   fdiv.o
        62          4          0          0          0         84   ffixu.o
        38          0          0          0          0         68   fflt_clz.o
       258          4          0          0          0         84   fmul.o
       140          4          0          0          0         84   fnaninf.o
        10          0          0          0          0         68   fretinf.o
         0          0          0          0          0          0   usenofp.o

    ----------------------------------------------------------------------
      3832        170         58          0        100       2972   Library Totals
        12          0          1          0          4          0   (incl. Padding)

    ----------------------------------------------------------------------

      Code (inc. data)   RO Data    RW Data    ZI Data      Debug   Library Name

      1782         50         57          0         96       1812   c_w.l
      2038        120          0          0          0       1160   fz_ws.l

    ----------------------------------------------------------------------
      3832        170         58          0        100       2972   Library Totals

    ----------------------------------------------------------------------

==============================================================================


      Code (inc. data)   RO Data    RW Data    ZI Data      Debug   

     33298       4748        946        996      17668     441042   Grand Totals
     33298       4748        946        308      17668     441042   ELF Image Totals (compressed)
     33298       4748        946        308          0          0   ROM Totals

==============================================================================

    Total RO  Size (Code + RO Data)                34244 (  33.44kB)
    Total RW  Size (RW Data + ZI Data)             18664 (  18.23kB)
    Total ROM Size (Code + RO Data + RW Data)      34552 (  33.74kB)

==============================================================================

