<html>
<body>
<pre>
<h1>礦ision Build Log</h1>
<h2>Tool Versions:</h2>
IDE-Version: μVision V5.23.0.0
Copyright (C) 2017 ARM Ltd and ARM Germany GmbH. All rights reserved.
License Information: fantasy123 Microsoft, Microsoft, LIC=AK1CX-H9EK0-ZEZH2-9NF9W-69JM6-CEGQJ
 
Tool Versions:
Toolchain:       MDK-ARM Professional  Version: 5.23
Toolchain Path:  D:\tool\MDK\MDK5.23\ARM\ARMCC\Bin
C Compiler:      Armcc.exe V5.06 update 4 (build 422)
Assembler:       Armasm.exe V5.06 update 4 (build 422)
Linker/Locator:  ArmLink.exe V5.06 update 4 (build 422)
Library Manager: ArmAr.exe V5.06 update 4 (build 422)
Hex Converter:   FromElf.exe V5.06 update 4 (build 422)
CPU DLL:         SARMCM3.DLL V5.23
Dialog DLL:      DCM.DLL V1.15.0.0
Target DLL:      STLink\ST-LINKIII-KEIL_SWO.dll V2.0.18.0
Dialog DLL:      TCM.DLL V1.27.0.0
 
<h2>Project:</h2>
E:\开发板\教学开发板\NANO开发板-新光盘资料(20180730)\4，程序源码\1，标准例程-寄存器版本\实验31 综合测试实验\USER\TEST.uvprojx
Project File Date:  05/24/2018

<h2>Output:</h2>
*** Using Compiler 'V5.06 update 4 (build 422)', folder: 'D:\tool\MDK\MDK5.23\ARM\ARMCC\Bin'
Build target 'Target 1'
assembling startup_stm32f10x_md.s...
compiling key.c...
compiling main.c...
compiling led.c...
compiling smg.c...
compiling 24cxx.c...
compiling myiic.c...
compiling adc.c...
compiling beep.c...
compiling remote.c...
compiling rtc.c...
compiling timer.c...
compiling spi.c...
compiling w25qxx.c...
compiling delay.c...
compiling usart.c...
compiling sys.c...
compiling usmart_config.c...
compiling usmart.c...
compiling usmart_str.c...
compiling os_core.c...
compiling os_flag.c...
compiling os_mbox.c...
compiling os_mem.c...
compiling os_mutex.c...
compiling os_q.c...
compiling os_sem.c...
compiling os_task.c...
compiling os_time.c...
compiling os_cpu_c.c...
compiling os_tmr.c...
assembling os_cpu_a.asm...
compiling malloc.c...
compiling usb_core.c...
compiling usb_init.c...
compiling usb_mem.c...
compiling usb_int.c...
compiling usb_sil.c...
compiling hw_config.c...
compiling usb_regs.c...
compiling mass_mal.c...
compiling scsi_data.c...
compiling memory.c...
compiling usb_bot.c...
compiling usb_desc.c...
compiling usb_endp.c...
compiling usb_istr.c...
compiling usb_pwr.c...
compiling usb_prop.c...
compiling usb_scsi.c...
linking...
Program Size: Code=33298 RO-data=946 RW-data=996 ZI-data=17668  
FromELF: creating hex file...
"..\OBJ\TEST.axf" - 0 Error(s), 0 Warning(s).

<h2>Collection of Component include folders:</h2>
  .\RTE\_Target_1
  D:\tool\MDK\MDK5.23\ARM\PACK\Keil\STM32F1xx_DFP\2.2.0\Device\Include

<h2>Collection of Component Files used:</h2>
Build Time Elapsed:  00:00:20
</pre>
</body>
</html>
